Component: ARM Compiler 5.06 update 7 (build 960) Tool: armlink [4d3601]

==============================================================================

Section Cross References

    startup_stm32f767xx.o(RESET) refers to startup_stm32f767xx.o(STACK) for __initial_sp
    startup_stm32f767xx.o(RESET) refers to startup_stm32f767xx.o(.text) for Reset_Handler
    startup_stm32f767xx.o(RESET) refers to stm32f7xx_it.o(i.NMI_Handler) for NMI_Handler
    startup_stm32f767xx.o(RESET) refers to stm32f7xx_it.o(i.HardFault_Handler) for HardFault_Handler
    startup_stm32f767xx.o(RESET) refers to stm32f7xx_it.o(i.MemManage_Handler) for MemManage_Handler
    startup_stm32f767xx.o(RESET) refers to stm32f7xx_it.o(i.BusFault_Handler) for BusFault_Handler
    startup_stm32f767xx.o(RESET) refers to stm32f7xx_it.o(i.UsageFault_Handler) for UsageFault_Handler
    startup_stm32f767xx.o(RESET) refers to stm32f7xx_it.o(i.SVC_Handler) for SVC_Handler
    startup_stm32f767xx.o(RESET) refers to stm32f7xx_it.o(i.DebugMon_Handler) for DebugMon_Handler
    startup_stm32f767xx.o(RESET) refers to stm32f7xx_it.o(i.PendSV_Handler) for PendSV_Handler
    startup_stm32f767xx.o(RESET) refers to stm32f7xx_it.o(i.SysTick_Handler) for SysTick_Handler
    startup_stm32f767xx.o(RESET) refers to stm32f7xx_it.o(i.DMA1_Stream6_IRQHandler) for DMA1_Stream6_IRQHandler
    startup_stm32f767xx.o(RESET) refers to stm32f7xx_it.o(i.TIM1_BRK_TIM9_IRQHandler) for TIM1_BRK_TIM9_IRQHandler
    startup_stm32f767xx.o(RESET) refers to stm32f7xx_it.o(i.TIM2_IRQHandler) for TIM2_IRQHandler
    startup_stm32f767xx.o(RESET) refers to stm32f7xx_it.o(i.TIM4_IRQHandler) for TIM4_IRQHandler
    startup_stm32f767xx.o(RESET) refers to stm32f7xx_it.o(i.USART3_IRQHandler) for USART3_IRQHandler
    startup_stm32f767xx.o(RESET) refers to stm32f7xx_it.o(i.TIM6_DAC_IRQHandler) for TIM6_DAC_IRQHandler
    startup_stm32f767xx.o(RESET) refers to stm32f7xx_it.o(i.TIM7_IRQHandler) for TIM7_IRQHandler
    startup_stm32f767xx.o(.text) refers to system_stm32f7xx.o(i.SystemInit) for SystemInit
    startup_stm32f767xx.o(.text) refers to entry.o(.ARM.Collect$$$$00000000) for __main
    main.o(i.BackSpace) refers to main.o(.data) for Rx_indx
    main.o(i.SystemClock_Config) refers to memseta.o(.text) for __aeabi_memclr4
    main.o(i.SystemClock_Config) refers to stm32f7xx_hal_rcc.o(i.HAL_RCC_OscConfig) for HAL_RCC_OscConfig
    main.o(i.SystemClock_Config) refers to main.o(i.Error_Handler) for Error_Handler
    main.o(i.SystemClock_Config) refers to stm32f7xx_hal_pwr_ex.o(i.HAL_PWREx_EnableOverDrive) for HAL_PWREx_EnableOverDrive
    main.o(i.SystemClock_Config) refers to stm32f7xx_hal_rcc.o(i.HAL_RCC_ClockConfig) for HAL_RCC_ClockConfig
    main.o(i.SystemClock_Config) refers to stm32f7xx_hal_rcc_ex.o(i.HAL_RCCEx_PeriphCLKConfig) for HAL_RCCEx_PeriphCLKConfig
    main.o(i.execution) refers to memseta.o(.text) for __aeabi_memclr4
    main.o(i.execution) refers to main.o(i.verify_instruction) for verify_instruction
    main.o(i.execution) refers to usart.o(i.print_message) for print_message
    main.o(i.execution) refers to tim.o(i.MX_TIM6_Init) for MX_TIM6_Init
    main.o(i.execution) refers to stm32f7xx_hal_adc.o(i.HAL_ADC_Start) for HAL_ADC_Start
    main.o(i.execution) refers to stm32f7xx_hal_tim.o(i.HAL_TIM_Base_Start_IT) for HAL_TIM_Base_Start_IT
    main.o(i.execution) refers to stm32f7xx_hal_tim.o(i.HAL_TIM_Base_Stop_IT) for HAL_TIM_Base_Stop_IT
    main.o(i.execution) refers to printfa.o(i.__0sprintf) for __2sprintf
    main.o(i.execution) refers to adc.o(i.Discover_AdcChannel) for Discover_AdcChannel
    main.o(i.execution) refers to adc.o(i.MX_ADC1_Init) for MX_ADC1_Init
    main.o(i.execution) refers to stm32f7xx_hal_gpio.o(i.HAL_GPIO_WritePin) for HAL_GPIO_WritePin
    main.o(i.execution) refers to tim.o(i.MX_TIM4_Init) for MX_TIM4_Init
    main.o(i.execution) refers to tim.o(i.MX_TIM7_Init) for MX_TIM7_Init
    main.o(i.execution) refers to stm32f7xx_hal_tim.o(i.HAL_TIM_IC_Start_IT) for HAL_TIM_IC_Start_IT
    main.o(i.execution) refers to stm32f7xx_hal_tim.o(i.HAL_TIM_IC_Stop_IT) for HAL_TIM_IC_Stop_IT
    main.o(i.execution) refers to tim.o(i.MX_TIM9_Init) for MX_TIM9_Init
    main.o(i.execution) refers to adc.o(.bss) for hadc1
    main.o(i.execution) refers to tim.o(.bss) for htim6
    main.o(i.execution) refers to adc.o(.data) for adc_signal
    main.o(i.execution) refers to tim.o(.data) for Tsample
    main.o(i.execution) refers to main.o(.data) for control_mode
    main.o(i.main) refers to stm32f7xx_hal.o(i.HAL_Init) for HAL_Init
    main.o(i.main) refers to main.o(i.SystemClock_Config) for SystemClock_Config
    main.o(i.main) refers to gpio.o(i.MX_GPIO_Init) for MX_GPIO_Init
    main.o(i.main) refers to dma.o(i.MX_DMA_Init) for MX_DMA_Init
    main.o(i.main) refers to usart.o(i.MX_USART3_UART_Init) for MX_USART3_UART_Init
    main.o(i.main) refers to adc.o(i.MX_ADC1_Init) for MX_ADC1_Init
    main.o(i.main) refers to dac.o(i.MX_DAC_Init) for MX_DAC_Init
[...]
    i.HAL_InitTick                           0x08001e84   Section        0  stm32f7xx_hal.o(i.HAL_InitTick)
    i.HAL_MspInit                            0x08001ed0   Section        0  stm32f7xx_hal_msp.o(i.HAL_MspInit)
    i.HAL_NVIC_EnableIRQ                     0x08001f10   Section        0  stm32f7xx_hal_cortex.o(i.HAL_NVIC_EnableIRQ)
    i.HAL_NVIC_SetPriority                   0x08001f30   Section        0  stm32f7xx_hal_cortex.o(i.HAL_NVIC_SetPriority)
    i.HAL_NVIC_SetPriorityGrouping           0x08001fac   Section        0  stm32f7xx_hal_cortex.o(i.HAL_NVIC_SetPriorityGrouping)
    i.HAL_PWREx_EnableOverDrive              0x08001fd4   Section        0  stm32f7xx_hal_pwr_ex.o(i.HAL_PWREx_EnableOverDrive)
    i.HAL_RCCEx_PeriphCLKConfig              0x08002064   Section        0  stm32f7xx_hal_rcc_ex.o(i.HAL_RCCEx_PeriphCLKConfig)
    i.HAL_RCC_ClockConfig                    0x080027c0   Section        0  stm32f7xx_hal_rcc.o(i.HAL_RCC_ClockConfig)
    i.HAL_RCC_GetHCLKFreq                    0x08002954   Section        0  stm32f7xx_hal_rcc.o(i.HAL_RCC_GetHCLKFreq)
    i.HAL_RCC_GetPCLK1Freq                   0x08002960   Section        0  stm32f7xx_hal_rcc.o(i.HAL_RCC_GetPCLK1Freq)
    i.HAL_RCC_GetPCLK2Freq                   0x08002980   Section        0  stm32f7xx_hal_rcc.o(i.HAL_RCC_GetPCLK2Freq)
    i.HAL_RCC_GetSysClockFreq                0x080029a0   Section        0  stm32f7xx_hal_rcc.o(i.HAL_RCC_GetSysClockFreq)
    i.HAL_RCC_OscConfig                      0x08002a4c   Section        0  stm32f7xx_hal_rcc.o(i.HAL_RCC_OscConfig)
    i.HAL_SYSTICK_Config                     0x08002f60   Section        0  stm32f7xx_hal_cortex.o(i.HAL_SYSTICK_Config)
    i.HAL_TIMEx_Break2Callback               0x08002f94   Section        0  stm32f7xx_hal_tim_ex.o(i.HAL_TIMEx_Break2Callback)
    i.HAL_TIMEx_BreakCallback                0x08002f96   Section        0  stm32f7xx_hal_tim_ex.o(i.HAL_TIMEx_BreakCallback)
    i.HAL_TIMEx_CommutCallback               0x08002f98   Section        0  stm32f7xx_hal_tim_ex.o(i.HAL_TIMEx_CommutCallback)
    i.HAL_TIMEx_MasterConfigSynchronization  0x08002f9c   Section        0  stm32f7xx_hal_tim_ex.o(i.HAL_TIMEx_MasterConfigSynchronization)
    i.HAL_TIM_Base_Init                      0x08003068   Section        0  stm32f7xx_hal_tim.o(i.HAL_TIM_Base_Init)
    i.HAL_TIM_Base_MspInit                   0x080030d8   Section        0  tim.o(i.HAL_TIM_Base_MspInit)
    i.HAL_TIM_Base_Start_IT                  0x080031c8   Section        0  stm32f7xx_hal_tim.o(i.HAL_TIM_Base_Start_IT)
    i.HAL_TIM_Base_Stop_IT                   0x0800327c   Section        0  stm32f7xx_hal_tim.o(i.HAL_TIM_Base_Stop_IT)
    i.HAL_TIM_ConfigClockSource              0x080032bc   Section        0  stm32f7xx_hal_tim.o(i.HAL_TIM_ConfigClockSource)
    i.HAL_TIM_IC_CaptureCallback             0x080033c8   Section        0  tim.o(i.HAL_TIM_IC_CaptureCallback)
    i.HAL_TIM_IC_ConfigChannel               0x0800340c   Section        0  stm32f7xx_hal_tim.o(i.HAL_TIM_IC_ConfigChannel)
    i.HAL_TIM_IC_Init                        0x080034e0   Section        0  stm32f7xx_hal_tim.o(i.HAL_TIM_IC_Init)
    i.HAL_TIM_IC_MspInit                     0x08003550   Section        0  tim.o(i.HAL_TIM_IC_MspInit)
    i.HAL_TIM_IC_Start_IT                    0x080035dc   Section        0  stm32f7xx_hal_tim.o(i.HAL_TIM_IC_Start_IT)
    i.HAL_TIM_IC_Stop_IT                     0x0800379c   Section        0  stm32f7xx_hal_tim.o(i.HAL_TIM_IC_Stop_IT)
    i.HAL_TIM_IRQHandler                     0x0800388a   Section        0  stm32f7xx_hal_tim.o(i.HAL_TIM_IRQHandler)
    i.HAL_TIM_MspPostInit                    0x08003a44   Section        0  tim.o(i.HAL_TIM_MspPostInit)
    i.HAL_TIM_OC_DelayElapsedCallback        0x08003aa0   Section        0  stm32f7xx_hal_tim.o(i.HAL_TIM_OC_DelayElapsedCallback)
    i.HAL_TIM_PWM_ConfigChannel              0x08003aa2   Section        0  stm32f7xx_hal_tim.o(i.HAL_TIM_PWM_ConfigChannel)
    i.HAL_TIM_PWM_Init                       0x08003c0a   Section        0  stm32f7xx_hal_tim.o(i.HAL_TIM_PWM_Init)
    i.HAL_TIM_PWM_MspInit                    0x08003c78   Section        0  tim.o(i.HAL_TIM_PWM_MspInit)
    i.HAL_TIM_PWM_PulseFinishedCallback      0x08003ca8   Section        0  stm32f7xx_hal_tim.o(i.HAL_TIM_PWM_PulseFinishedCallback)
    i.HAL_TIM_PWM_Start                      0x08003cac   Section        0  stm32f7xx_hal_tim.o(i.HAL_TIM_PWM_Start)
    i.HAL_TIM_PeriodElapsedCallback          0x08003df0   Section        0  tim.o(i.HAL_TIM_PeriodElapsedCallback)
    i.HAL_TIM_TriggerCallback                0x0800410c   Section        0  stm32f7xx_hal_tim.o(i.HAL_TIM_TriggerCallback)
    i.HAL_UARTEx_RxEventCallback             0x0800410e   Section        0  stm32f7xx_hal_uart.o(i.HAL_UARTEx_RxEventCallback)
    i.HAL_UARTEx_WakeupCallback              0x08004110   Section        0  stm32f7xx_hal_uart.o(i.HAL_UARTEx_WakeupCallback)
    i.HAL_UART_ErrorCallback                 0x08004112   Section        0  stm32f7xx_hal_uart.o(i.HAL_UART_ErrorCallback)
    i.HAL_UART_IRQHandler                    0x08004114   Section        0  stm32f7xx_hal_uart.o(i.HAL_UART_IRQHandler)
    i.HAL_UART_Init                          0x080043d4   Section        0  stm32f7xx_hal_uart.o(i.HAL_UART_Init)
    i.HAL_UART_MspInit                       0x08004448   Section        0  usart.o(i.HAL_UART_MspInit)
    i.HAL_UART_Receive_IT                    0x080044d8   Section        0  stm32f7xx_hal_uart.o(i.HAL_UART_Receive_IT)
    i.HAL_UART_RxCpltCallback                0x08004530   Section        0  usart.o(i.HAL_UART_RxCpltCallback)
    i.HAL_UART_Transmit                      0x0800458c   Section        0  stm32f7xx_hal_uart.o(i.HAL_UART_Transmit)
    i.HAL_UART_Transmit_IT                   0x08004660   Section        0  stm32f7xx_hal_uart.o(i.HAL_UART_Transmit_IT)
    i.HAL_UART_TxCpltCallback                0x080046d8   Section        0  usart.o(i.HAL_UART_TxCpltCallback)
    i.HardFault_Handler                      0x08004768   Section        0  stm32f7xx_it.o(i.HardFault_Handler)
    i.MX_ADC1_Init                           0x0800476c   Section        0  adc.o(i.MX_ADC1_Init)
    i.MX_DAC_Init                            0x080047dc   Section        0  dac.o(i.MX_DAC_Init)
    i.MX_DMA_Init                            0x08004818   Section        0  dma.o(i.MX_DMA_Init)
    i.MX_GPIO_Init                           0x0800484c   Section        0  gpio.o(i.MX_GPIO_Init)
    i.MX_TIM2_Init                           0x08004980   Section        0  tim.o(i.MX_TIM2_Init)
    i.MX_TIM3_Init                           0x080049f0   Section        0  tim.o(i.MX_TIM3_Init)
    i.MX_TIM4_Init                           0x08004a70   Section        0  tim.o(i.MX_TIM4_Init)
    i.MX_TIM6_Init                           0x08004ae8   Section        0  tim.o(i.MX_TIM6_Init)
    i.MX_TIM7_Init                           0x08004ba0   Section        0  tim.o(i.MX_TIM7_Init)
    i.MX_TIM9_Init                           0x08004c58   Section        0  tim.o(i.MX_TIM9_Init)
    i.MX_USART3_UART_Init                    0x08004d14   Section        0  usart.o(i.MX_USART3_UART_Init)
    i.MemManage_Handler                      0x08004d54   Section        0  stm32f7xx_it.o(i.MemManage_Handler)
    i.NMI_Handler                            0x08004d58   Section        0  stm32f7xx_it.o(i.NMI_Handler)
    i.PendSV_Handler                         0x08004d5c   Section        0  stm32f7xx_it.o(i.PendSV_Handler)
    i.SVC_Handler                            0x08004d5e   Section        0  stm32f7xx_it.o(i.SVC_Handler)
    i.SysTick_Handler                        0x08004d60   Section        0  stm32f7xx_it.o(i.SysTick_Handler)
    i.SystemClock_Config                     0x08004d68   Section        0  main.o(i.SystemClock_Config)
    i.SystemInit                             0x08004e3c   Section        0  system_stm32f7xx.o(i.SystemInit)
    i.TIM1_BRK_TIM9_IRQHandler               0x08004e50   Section        0  stm32f7xx_it.o(i.TIM1_BRK_TIM9_IRQHandler)
    i.TIM2_IRQHandler                        0x08004e60   Section        0  stm32f7xx_it.o(i.TIM2_IRQHandler)
    i.TIM4_IRQHandler                        0x08004e70   Section        0  stm32f7xx_it.o(i.TIM4_IRQHandler)
    i.TIM6_DAC_IRQHandler                    0x08004e80   Section        0  stm32f7xx_it.o(i.TIM6_DAC_IRQHandler)
    i.TIM7_IRQHandler                        0x08004e98   Section        0  stm32f7xx_it.o(i.TIM7_IRQHandler)
    i.TIM_Base_SetConfig                     0x08004ea8   Section        0  stm32f7xx_hal_tim.o(i.TIM_Base_SetConfig)
    i.TIM_CCxChannelCmd                      0x08004f80   Section        0  stm32f7xx_hal_tim.o(i.TIM_CCxChannelCmd)
    i.TIM_ETR_SetConfig                      0x08004fa2   Section        0  stm32f7xx_hal_tim.o(i.TIM_ETR_SetConfig)
    i.TIM_ITRx_SetConfig                     0x08004fb8   Section        0  stm32f7xx_hal_tim.o(i.TIM_ITRx_SetConfig)
    TIM_ITRx_SetConfig                       0x08004fb9   Thumb Code    18  stm32f7xx_hal_tim.o(i.TIM_ITRx_SetConfig)
    i.TIM_OC1_SetConfig                      0x08004fcc   Section        0  stm32f7xx_hal_tim.o(i.TIM_OC1_SetConfig)
    TIM_OC1_SetConfig                        0x08004fcd   Thumb Code   104  stm32f7xx_hal_tim.o(i.TIM_OC1_SetConfig)
    i.TIM_OC2_SetConfig                      0x08005040   Section        0  stm32f7xx_hal_tim.o(i.TIM_OC2_SetConfig)
    i.TIM_OC3_SetConfig                      0x080050c0   Section        0  stm32f7xx_hal_tim.o(i.TIM_OC3_SetConfig)
    TIM_OC3_SetConfig                        0x080050c1   Thumb Code   112  stm32f7xx_hal_tim.o(i.TIM_OC3_SetConfig)
    i.TIM_OC4_SetConfig                      0x0800513c   Section        0  stm32f7xx_hal_tim.o(i.TIM_OC4_SetConfig)
    TIM_OC4_SetConfig                        0x0800513d   Thumb Code    74  stm32f7xx_hal_tim.o(i.TIM_OC4_SetConfig)
    i.TIM_OC5_SetConfig                      0x08005194   Section        0  stm32f7xx_hal_tim.o(i.TIM_OC5_SetConfig)
    TIM_OC5_SetConfig                        0x08005195   Thumb Code    68  stm32f7xx_hal_tim.o(i.TIM_OC5_SetConfig)
    i.TIM_OC6_SetConfig                      0x080051e4   Section        0  stm32f7xx_hal_tim.o(i.TIM_OC6_SetConfig)
    TIM_OC6_SetConfig                        0x080051e5   Thumb Code    70  stm32f7xx_hal_tim.o(i.TIM_OC6_SetConfig)
    i.TIM_TI1_ConfigInputStage               0x08005238   Section        0  stm32f7xx_hal_tim.o(i.TIM_TI1_ConfigInputStage)
    TIM_TI1_ConfigInputStage                 0x08005239   Thumb Code    38  stm32f7xx_hal_tim.o(i.TIM_TI1_ConfigInputStage)
    i.TIM_TI1_SetConfig                      0x08005260   Section        0  stm32f7xx_hal_tim.o(i.TIM_TI1_SetConfig)
    i.TIM_TI2_ConfigInputStage               0x080052f0   Section        0  stm32f7xx_hal_tim.o(i.TIM_TI2_ConfigInputStage)
    TIM_TI2_ConfigInputStage                 0x080052f1   Thumb Code    40  stm32f7xx_hal_tim.o(i.TIM_TI2_ConfigInputStage)
    i.TIM_TI2_SetConfig                      0x08005318   Section        0  stm32f7xx_hal_tim.o(i.TIM_TI2_SetConfig)
    TIM_TI2_SetConfig                        0x08005319   Thumb Code    58  stm32f7xx_hal_tim.o(i.TIM_TI2_SetConfig)
    i.TIM_TI3_SetConfig                      0x08005352   Section        0  stm32f7xx_hal_tim.o(i.TIM_TI3_SetConfig)
    TIM_TI3_SetConfig                        0x08005353   Thumb Code    56  stm32f7xx_hal_tim.o(i.TIM_TI3_SetConfig)
    i.TIM_TI4_SetConfig                      0x0800538a   Section        0  stm32f7xx_hal_tim.o(i.TIM_TI4_SetConfig)
    TIM_TI4_SetConfig                        0x0800538b   Thumb Code    60  stm32f7xx_hal_tim.o(i.TIM_TI4_SetConfig)
    i.UART_AdvFeatureConfig                  0x080053c6   Section        0  stm32f7xx_hal_uart.o(i.UART_AdvFeatureConfig)
    i.UART_CheckIdleState                    0x080054be   Section        0  stm32f7xx_hal_uart.o(i.UART_CheckIdleState)
    i.UART_DMAAbortOnError                   0x08005530   Section        0  stm32f7xx_hal_uart.o(i.UART_DMAAbortOnError)
    UART_DMAAbortOnError                     0x08005531   Thumb Code    24  stm32f7xx_hal_uart.o(i.UART_DMAAbortOnError)
    i.UART_EndRxTransfer                     0x08005548   Section        0  stm32f7xx_hal_uart.o(i.UART_EndRxTransfer)
    UART_EndRxTransfer                       0x08005549   Thumb Code    54  stm32f7xx_hal_uart.o(i.UART_EndRxTransfer)
    i.UART_EndTransmit_IT                    0x0800557e   Section        0  stm32f7xx_hal_uart.o(i.UART_EndTransmit_IT)
    UART_EndTransmit_IT                      0x0800557f   Thumb Code    32  stm32f7xx_hal_uart.o(i.UART_EndTransmit_IT)
    i.UART_RxISR_16BIT                       0x0800559e   Section        0  stm32f7xx_hal_uart.o(i.UART_RxISR_16BIT)
    UART_RxISR_16BIT                         0x0800559f   Thumb Code   142  stm32f7xx_hal_uart.o(i.UART_RxISR_16BIT)
    i.UART_RxISR_8BIT                        0x0800562c   Section        0  stm32f7xx_hal_uart.o(i.UART_RxISR_8BIT)
    UART_RxISR_8BIT                          0x0800562d   Thumb Code   138  stm32f7xx_hal_uart.o(i.UART_RxISR_8BIT)
    i.UART_SetConfig                         0x080056b8   Section        0  stm32f7xx_hal_uart.o(i.UART_SetConfig)
    i.UART_Start_Receive_IT                  0x080059f4   Section        0  stm32f7xx_hal_uart.o(i.UART_Start_Receive_IT)
    i.UART_TxISR_16BIT                       0x08005ab0   Section        0  stm32f7xx_hal_uart.o(i.UART_TxISR_16BIT)
    UART_TxISR_16BIT                         0x08005ab1   Thumb Code    68  stm32f7xx_hal_uart.o(i.UART_TxISR_16BIT)
    i.UART_TxISR_8BIT                        0x08005af4   Section        0  stm32f7xx_hal_uart.o(i.UART_TxISR_8BIT)
    UART_TxISR_8BIT                          0x08005af5   Thumb Code    64  stm32f7xx_hal_uart.o(i.UART_TxISR_8BIT)
    i.UART_WaitOnFlagUntilTimeout            0x08005b34   Section        0  stm32f7xx_hal_uart.o(i.UART_WaitOnFlagUntilTimeout)
    i.USART3_IRQHandler                      0x08005bec   Section        0  stm32f7xx_it.o(i.USART3_IRQHandler)
    i.UsageFault_Handler                     0x08005bfc   Section        0  stm32f7xx_it.o(i.UsageFault_Handler)
    i.__0printf                              0x08005c00   Section        0  printfa.o(i.__0printf)
    i.__0sprintf                             0x08005c20   Section        0  printfa.o(i.__0sprintf)
    i.__NVIC_GetPriorityGrouping             0x08005c48   Section        0  stm32f7xx_hal_cortex.o(i.__NVIC_GetPriorityGrouping)
    __NVIC_GetPriorityGrouping               0x08005c49   Thumb Code    10  stm32f7xx_hal_cortex.o(i.__NVIC_GetPriorityGrouping)
    i.__NVIC_SetPriority                     0x08005c58   Section        0  stm32f7xx_hal_cortex.o(i.__NVIC_SetPriority)
    __NVIC_SetPriority                       0x08005c59   Thumb Code    32  stm32f7xx_hal_cortex.o(i.__NVIC_SetPriority)
    i.__scatterload_copy                     0x08005c80   Section       14  handlers.o(i.__scatterload_copy)
    i.__scatterload_null                     0x08005c8e   Section        2  handlers.o(i.__scatterload_null)
    i.__scatterload_zeroinit                 0x08005c90   Section       14  handlers.o(i.__scatterload_zeroinit)
    i._fp_digits                             0x08005ca0   Section        0  printfa.o(i._fp_digits)
    _fp_digits                               0x08005ca1   Thumb Code   366  printfa.o(i._fp_digits)
    i._printf_core                           0x08005e24   Section        0  printfa.o(i._printf_core)
    _printf_core                             0x08005e25   Thumb Code  1704  printfa.o(i._printf_core)
    i._printf_post_padding                   0x080064d8   Section        0  printfa.o(i._printf_post_padding)
    _printf_post_padding                     0x080064d9   Thumb Code    36  printfa.o(i._printf_post_padding)
    i._printf_pre_padding                    0x080064fc   Section        0  printfa.o(i._printf_pre_padding)
    _printf_pre_padding                      0x080064fd   Thumb Code    46  printfa.o(i._printf_pre_padding)
    i._sputc                                 0x0800652a   Section        0  printfa.o(i._sputc)
    _sputc                                   0x0800652b   Thumb Code    10  printfa.o(i._sputc)
    i.empty_buffer                           0x08006534   Section        0  main.o(i.empty_buffer)
    i.execution                              0x0800654c   Section        0  main.o(i.execution)
    i.fputc                                  0x08006a68   Section        0  usart.o(i.fputc)
    i.init_UART3                             0x08006a80   Section        0  usart.o(i.init_UART3)
    i.main                                   0x08006aa0   Section        0  main.o(i.main)
    i.malloc                                 0x08006f44   Section        0  malloc.o(i.malloc)
    i.newMessage                             0x08006fb0   Section        0  usart.o(i.newMessage)
    i.parsing                                0x08007004   Section        0  main.o(i.parsing)
    i.print_commands                         0x080076b4   Section        0  usart.o(i.print_commands)
    i.print_error                            0x08007844   Section        0  usart.o(i.print_error)
    i.print_message                          0x08007958   Section        0  usart.o(i.print_message)
    i.push_FIFO                              0x08007998   Section        0  main.o(i.push_FIFO)
    i.verify_instruction                     0x080079d8   Section        0  main.o(i.verify_instruction)
    .constdata                               0x08007a12   Section        8  stm32f7xx_hal_dma.o(.constdata)
    flagBitshiftOffset                       0x08007a12   Data           8  stm32f7xx_hal_dma.o(.constdata)
    .constdata                               0x08007a1a   Section       24  system_stm32f7xx.o(.constdata)
    .constdata                               0x08007a32   Section       64  ctype_c.o(.constdata)
    .conststring                             0x08007a74   Section      968  usart.o(.conststring)
    .data                                    0x20000000   Section        8  main.o(.data)
    .data                                    0x20000008   Section        8  adc.o(.data)
    .data                                    0x20000010   Section      140  tim.o(.data)
    .data                                    0x2000009c   Section       20  usart.o(.data)
    local_index                              0x200000ac   Data           4  usart.o(.data)
    .data                                    0x200000b0   Section        9  stm32f7xx_hal.o(.data)
    .data                                    0x200000bc   Section        4  system_stm32f7xx.o(.data)
    .data                                    0x200000c0   Section        4  strtok.o(.data)
    state                                    0x200000c0   Data           4  strtok.o(.data)
    .data                                    0x200000c4   Section        4  stdout.o(.data)
    .data                                    0x200000c8   Section        4  mvars.o(.data)
    .data                                    0x200000cc   Section        4  mvars.o(.data)
    .bss                                     0x200000d0   Section     4106  main.o(.bss)
    .bss                                     0x200010dc   Section       72  adc.o(.bss)
    .bss                                     0x20001124   Section      116  dac.o(.bss)
    .bss                                     0x20001198   Section      476  tim.o(.bss)
    .bss                                     0x20001374   Section      644  usart.o(.bss)
    HEAP                                     0x200015f8   Section      512  startup_stm32f767xx.o(HEAP)
    STACK                                    0x200017f8   Section     1024  startup_stm32f767xx.o(STACK)

    Global Symbols

    Symbol Name                              Value     Ov Type        Size  Object(Section)

    BuildAttributes$$THM_ISAv4$E$P$D$K$B$S$7EM$VFPv5_D16$PE$PLD8$A:L22UL41UL21$X:L11$S22US41US21$IEEE1$IW$USESV6$~STKCKD$USESV7$~SHL$OSPACE$ROPI$EBA8$MICROLIB$REQ8$PRES8$EABIv2 0x00000000   Number         0  anon$$obj.o ABSOLUTE
    __ARM_use_no_argv                        0x00000000   Number         0  main.o ABSOLUTE
    _printf_a                                0x00000000   Number         0  stubs.o ABSOLUTE
    _printf_c                                0x00000000   Number         0  stubs.o ABSOLUTE
    _printf_charcount                        0x00000000   Number         0  stubs.o ABSOLUTE
    _printf_d                                0x00000000   Number         0  stubs.o ABSOLUTE
    _printf_e                                0x00000000   Number         0  stubs.o ABSOLUTE
    _printf_f                                0x00000000   Number         0  stubs.o ABSOLUTE
    _printf_flags                            0x00000000   Number         0  stubs.o ABSOLUTE
    _printf_fp_dec                           0x00000000   Number         0  stubs.o ABSOLUTE
    _printf_fp_hex                           0x00000000   Number         0  stubs.o ABSOLUTE
    _printf_g                                0x00000000   Number         0  stubs.o ABSOLUTE
    _printf_i                                0x00000000   Number         0  stubs.o ABSOLUTE
    _printf_int_dec                          0x00000000   Number         0  stubs.o ABSOLUTE
    _printf_l                                0x00000000   Number         0  stubs.o ABSOLUTE
    _printf_lc                               0x00000000   Number         0  stubs.o ABSOLUTE
    _printf_ll                               0x00000000   Number         0  stubs.o ABSOLUTE
    _printf_lld                              0x00000000   Number         0  stubs.o ABSOLUTE
    _printf_lli                              0x00000000   Number         0  stubs.o ABSOLUTE
    _printf_llo                              0x00000000   Number         0  stubs.o ABSOLUTE
    _printf_llu                              0x00000000   Number         0  stubs.o ABSOLUTE
    _printf_llx                              0x00000000   Number         0  stubs.o ABSOLUTE
    _printf_longlong_dec                     0x00000000   Number         0  stubs.o ABSOLUTE
    _printf_longlong_hex                     0x00000000   Number         0  stubs.o ABSOLUTE
    _printf_longlong_oct                     0x00000000   Number         0  stubs.o ABSOLUTE
    _printf_ls                               0x00000000   Number         0  stubs.o ABSOLUTE
    _printf_mbtowc                           0x00000000   Number         0  stubs.o ABSOLUTE
    _printf_n                                0x00000000   Number         0  stubs.o ABSOLUTE
    _printf_o                                0x00000000   Number         0  stubs.o ABSOLUTE
    _printf_p                                0x00000000   Number         0  stubs.o ABSOLUTE
    _printf_percent                          0x00000000   Number         0  stubs.o ABSOLUTE
    _printf_pre_padding                      0x00000000   Number         0  stubs.o ABSOLUTE
    _printf_return_value                     0x00000000   Number         0  stubs.o ABSOLUTE
    _printf_s                                0x00000000   Number         0  stubs.o ABSOLUTE
    _printf_sizespec                         0x00000000   Number         0  stubs.o ABSOLUTE
    _printf_str                              0x00000000   Number         0  stubs.o ABSOLUTE
    _printf_truncate_signed                  0x00000000   Number         0  stubs.o ABSOLUTE
    _printf_truncate_unsigned                0x00000000   Number         0  stubs.o ABSOLUTE
    _printf_u                                0x00000000   Number         0  stubs.o ABSOLUTE
    _printf_wc                               0x00000000   Number         0  stubs.o ABSOLUTE
    _printf_wctomb                           0x00000000   Number         0  stubs.o ABSOLUTE
    _printf_widthprec                        0x00000000   Number         0  stubs.o ABSOLUTE
    _printf_x                                0x00000000   Number         0  stubs.o ABSOLUTE
    __arm_fini_                               - Undefined Weak Reference
    __cpp_initialize__aeabi_                  - Undefined Weak Reference
    __cxa_finalize                            - Undefined Weak Reference
    __decompress                              - Undefined Weak Reference
    _clock_init                               - Undefined Weak Reference
    _microlib_exit                            - Undefined Weak Reference
    _scanf_longlong                           - Undefined Weak Reference
    _scanf_real                               - Undefined Weak Reference
    __Vectors_Size                           0x000001f8   Number         0  startup_stm32f767xx.o ABSOLUTE
    __Vectors                                0x08000000   Data           4  startup_stm32f767xx.o(RESET)
    __Vectors_End                            0x080001f8   Data           0  startup_stm32f767xx.o(RESET)
    __main                                   0x080001f9   Thumb Code     0  entry.o(.ARM.Collect$$$$00000000)
    _main_stk                                0x080001f9   Thumb Code     0  entry2.o(.ARM.Collect$$$$00000001)
    _main_scatterload                        0x080001fd   Thumb Code     0  entry5.o(.ARM.Collect$$$$00000004)
    __main_after_scatterload                 0x08000201   Thumb Code     0  entry5.o(.ARM.Collect$$$$00000004)
    _main_clock                              0x08000201   Thumb Code     0  entry7b.o(.ARM.Collect$$$$00000008)
    _main_cpp_init                           0x08000201   Thumb Code     0  entry8b.o(.ARM.Collect$$$$0000000A)
    _main_init                               0x08000201   Thumb Code     0  entry9a.o(.ARM.Collect$$$$0000000B)
    __rt_lib_shutdown_fini                   0x08000209   Thumb Code     0  entry12b.o(.ARM.Collect$$$$0000000E)
    __rt_final_cpp                           0x0800020d   Thumb Code     0  entry10a.o(.ARM.Collect$$$$0000000F)
    __rt_final_exit                          0x0800020d   Thumb Code     0  entry11a.o(.ARM.Collect$$$$00000011)
    Reset_Handler                            0x08000211   Thumb Code     8  startup_stm32f767xx.o(.text)
    ADC_IRQHandler                           0x0800022b   Thumb Code     0  startup_stm32f767xx.o(.text)
    CAN1_RX0_IRQHandler                      0x0800022b   Thumb Code     0  startup_stm32f767xx.o(.text)
    CAN1_RX1_IRQHandler                      0x0800022b   Thumb Code     0  startup_stm32f767xx.o(.text)
    CAN1_SCE_IRQHandler                      0x0800022b   Thumb Code     0  startup_stm32f767xx.o(.text)
    CAN1_TX_IRQHandler                       0x0800022b   Thumb Code     0  startup_stm32f767xx.o(.text)
    CAN2_RX0_IRQHandler                      0x0800022b   Thumb Code     0  startup_stm32f767xx.o(.text)
    CAN2_RX1_IRQHandler                      0x0800022b   Thumb Code     0  startup_stm32f767xx.o(.text)
    CAN2_SCE_IRQHandler                      0x0800022b   Thumb Code     0  startup_stm32f767xx.o(.text)
    CAN2_TX_IRQHandler                       0x0800022b   Thumb Code     0  startup_stm32f767xx.o(.text)
    CAN3_RX0_IRQHandler                      0x0800022b   Thumb Code     0  startup_stm32f767xx.o(.text)
    CAN3_RX1_IRQHandler                      0x0800022b   Thumb Code     0  startup_stm32f767xx.o(.text)
    CAN3_SCE_IRQHandler                      0x0800022b   Thumb Code     0  startup_stm32f767xx.o(.text)
    CAN3_TX_IRQHandler                       0x0800022b   Thumb Code     0  startup_stm32f767xx.o(.text)
    CEC_IRQHandler                           0x0800022b   Thumb Code     0  startup_stm32f767xx.o(.text)
    DCMI_IRQHandler                          0x0800022b   Thumb Code     0  startup_stm32f767xx.o(.text)
    DFSDM1_FLT0_IRQHandler                   0x0800022b   Thumb Code     0  startup_stm32f767xx.o(.text)
    DFSDM1_FLT1_IRQHandler                   0x0800022b   Thumb Code     0  startup_stm32f767xx.o(.text)
    DFSDM1_FLT2_IRQHandler                   0x0800022b   Thumb Code     0  startup_stm32f767xx.o(.text)
    DFSDM1_FLT3_IRQHandler                   0x0800022b   Thumb Code     0  startup_stm32f767xx.o(.text)
    DMA1_Stream0_IRQHandler                  0x0800022b   Thumb Code     0  startup_stm32f767xx.o(.text)
    DMA1_Stream1_IRQHandler                  0x0800022b   Thumb Code     0  startup_stm32f767xx.o(.text)
    DMA1_Stream2_IRQHandler                  0x0800022b   Thumb Code     0  startup_stm32f767xx.o(.text)
    DMA1_Stream3_IRQHandler                  0x0800022b   Thumb Code     0  startup_stm32f767xx.o(.text)
    DMA1_Stream4_IRQHandler                  0x0800022b   Thumb Code     0  startup_stm32f767xx.o(.text)
    DMA1_Stream5_IRQHandler                  0x0800022b   Thumb Code     0  startup_stm32f767xx.o(.text)
    DMA1_Stream7_IRQHandler                  0x0800022b   Thumb Code     0  startup_stm32f767xx.o(.text)
    DMA2D_IRQHandler                         0x0800022b   Thumb Code     0  startup_stm32f767xx.o(.text)
    DMA2_Stream0_IRQHandler                  0x0800022b   Thumb Code     0  startup_stm32f767xx.o(.text)
    DMA2_Stream1_IRQHandler                  0x0800022b   Thumb Code     0  startup_stm32f767xx.o(.text)
    DMA2_Stream2_IRQHandler                  0x0800022b   Thumb Code     0  startup_stm32f767xx.o(.text)
    DMA2_Stream3_IRQHandler                  0x0800022b   Thumb Code     0  startup_stm32f767xx.o(.text)
    DMA2_Stream4_IRQHandler                  0x0800022b   Thumb Code     0  startup_stm32f767xx.o(.text)
    DMA2_Stream5_IRQHandler                  0x0800022b   Thumb Code     0  startup_stm32f767xx.o(.text)
    DMA2_Stream6_IRQHandler                  0x0800022b   Thumb Code     0  startup_stm32f767xx.o(.text)
    DMA2_Stream7_IRQHandler                  0x0800022b   Thumb Code     0  startup_stm32f767xx.o(.text)
    ETH_IRQHandler                           0x0800022b   Thumb Code     0  startup_stm32f767xx.o(.text)
    ETH_WKUP_IRQHandler                      0x0800022b   Thumb Code     0  startup_stm32f767xx.o(.text)
    EXTI0_IRQHandler                         0x0800022b   Thumb Code     0  startup_stm32f767xx.o(.text)
    EXTI15_10_IRQHandler                     0x0800022b   Thumb Code     0  startup_stm32f767xx.o(.text)
    EXTI1_IRQHandler                         0x0800022b   Thumb Code     0  startup_stm32f767xx.o(.text)
    EXTI2_IRQHandler                         0x0800022b   Thumb Code     0  startup_stm32f767xx.o(.text)
    EXTI3_IRQHandler                         0x0800022b   Thumb Code     0  startup_stm32f767xx.o(.text)
    EXTI4_IRQHandler                         0x0800022b   Thumb Code     0  startup_stm32f767xx.o(.text)
    EXTI9_5_IRQHandler                       0x0800022b   Thumb Code     0  startup_stm32f767xx.o(.text)
    FLASH_IRQHandler                         0x0800022b   Thumb Code     0  startup_stm32f767xx.o(.text)
    FMC_IRQHandler                           0x0800022b   Thumb Code     0  startup_stm32f767xx.o(.text)
    FPU_IRQHandler                           0x0800022b   Thumb Code     0  startup_stm32f767xx.o(.text)
    I2C1_ER_IRQHandler                       0x0800022b   Thumb Code     0  startup_stm32f767xx.o(.text)
    I2C1_EV_IRQHandler                       0x0800022b   Thumb Code     0  startup_stm32f767xx.o(.text)
    I2C2_ER_IRQHandler                       0x0800022b   Thumb Code     0  startup_stm32f767xx.o(.text)
    I2C2_EV_IRQHandler                       0x0800022b   Thumb Code     0  startup_stm32f767xx.o(.text)
    I2C3_ER_IRQHandler                       0x0800022b   Thumb Code     0  startup_stm32f767xx.o(.text)
    I2C3_EV_IRQHandler                       0x0800022b   Thumb Code     0  startup_stm32f767xx.o(.text)
    I2C4_ER_IRQHandler                       0x0800022b   Thumb Code     0  startup_stm32f767xx.o(.text)
    I2C4_EV_IRQHandler                       0x0800022b   Thumb Code     0  startup_stm32f767xx.o(.text)
    JPEG_IRQHandler                          0x0800022b   Thumb Code     0  startup_stm32f767xx.o(.text)
    LPTIM1_IRQHandler                        0x0800022b   Thumb Code     0  startup_stm32f767xx.o(.text)
    LTDC_ER_IRQHandler                       0x0800022b   Thumb Code     0  startup_stm32f767xx.o(.text)
    LTDC_IRQHandler                          0x0800022b   Thumb Code     0  startup_stm32f767xx.o(.text)
    MDIOS_IRQHandler                         0x0800022b   Thumb Code     0  startup_stm32f767xx.o(.text)
    OTG_FS_IRQHandler                        0x0800022b   Thumb Code     0  startup_stm32f767xx.o(.text)
    OTG_FS_WKUP_IRQHandler                   0x0800022b   Thumb Code     0  startup_stm32f767xx.o(.text)
    OTG_HS_EP1_IN_IRQHandler                 0x0800022b   Thumb Code     0  startup_stm32f767xx.o(.text)
    OTG_HS_EP1_OUT_IRQHandler                0x0800022b   Thumb Code     0  startup_stm32f767xx.o(.text)
    OTG_HS_IRQHandler                        0x0800022b   Thumb Code     0  startup_stm32f767xx.o(.text)
    OTG_HS_WKUP_IRQHandler                   0x0800022b   Thumb Code     0  startup_stm32f767xx.o(.text)
    PVD_IRQHandler                           0x0800022b   Thumb Code     0  startup_stm32f767xx.o(.text)
    QUADSPI_IRQHandler                       0x0800022b   Thumb Code     0  startup_stm32f767xx.o(.text)
    RCC_IRQHandler                           0x0800022b   Thumb Code     0  startup_stm32f767xx.o(.text)
    RNG_IRQHandler                           0x0800022b   Thumb Code     0  startup_stm32f767xx.o(.text)
    RTC_Alarm_IRQHandler                     0x0800022b   Thumb Code     0  startup_stm32f767xx.o(.text)
    RTC_WKUP_IRQHandler                      0x0800022b   Thumb Code     0  startup_stm32f767xx.o(.text)
    SAI1_IRQHandler                          0x0800022b   Thumb Code     0  startup_stm32f767xx.o(.text)
    SAI2_IRQHandler                          0x0800022b   Thumb Code     0  startup_stm32f767xx.o(.text)
    SDMMC1_IRQHandler                        0x0800022b   Thumb Code     0  startup_stm32f767xx.o(.text)
    SDMMC2_IRQHandler                        0x0800022b   Thumb Code     0  startup_stm32f767xx.o(.text)
    SPDIF_RX_IRQHandler                      0x0800022b   Thumb Code     0  startup_stm32f767xx.o(.text)
    SPI1_IRQHandler                          0x0800022b   Thumb Code     0  startup_stm32f767xx.o(.text)
    SPI2_IRQHandler                          0x0800022b   Thumb Code     0  startup_stm32f767xx.o(.text)
    SPI3_IRQHandler                          0x0800022b   Thumb Code     0  startup_stm32f767xx.o(.text)
    SPI4_IRQHandler                          0x0800022b   Thumb Code     0  startup_stm32f767xx.o(.text)
    SPI5_IRQHandler                          0x0800022b   Thumb Code     0  startup_stm32f767xx.o(.text)
    SPI6_IRQHandler                          0x0800022b   Thumb Code     0  startup_stm32f767xx.o(.text)
    TAMP_STAMP_IRQHandler                    0x0800022b   Thumb Code     0  startup_stm32f767xx.o(.text)
    TIM1_CC_IRQHandler                       0x0800022b   Thumb Code     0  startup_stm32f767xx.o(.text)
    TIM1_TRG_COM_TIM11_IRQHandler            0x0800022b   Thumb Code     0  startup_stm32f767xx.o(.text)
    TIM1_UP_TIM10_IRQHandler                 0x0800022b   Thumb Code     0  startup_stm32f767xx.o(.text)
    TIM3_IRQHandler                          0x0800022b   Thumb Code     0  startup_stm32f767xx.o(.text)
    TIM5_IRQHandler                          0x0800022b   Thumb Code     0  startup_stm32f767xx.o(.text)
    TIM8_BRK_TIM12_IRQHandler                0x0800022b   Thumb Code     0  startup_stm32f767xx.o(.text)
    TIM8_CC_IRQHandler                       0x0800022b   Thumb Code     0  startup_stm32f767xx.o(.text)
    TIM8_TRG_COM_TIM14_IRQHandler            0x0800022b   Thumb Code     0  startup_stm32f767xx.o(.text)
    TIM8_UP_TIM13_IRQHandler                 0x0800022b   Thumb Code     0  startup_stm32f767xx.o(.text)
    UART4_IRQHandler                         0x0800022b   Thumb Code     0  startup_stm32f767xx.o(.text)
    UART5_IRQHandler                         0x0800022b   Thumb Code     0  startup_stm32f767xx.o(.text)
    UART7_IRQHandler                         0x0800022b   Thumb Code     0  startup_stm32f767xx.o(.text)
    UART8_IRQHandler                         0x0800022b   Thumb Code     0  startup_stm32f767xx.o(.text)
    USART1_IRQHandler                        0x0800022b   Thumb Code     0  startup_stm32f767xx.o(.text)
    USART2_IRQHandler                        0x0800022b   Thumb Code     0  startup_stm32f767xx.o(.text)
    USART6_IRQHandler                        0x0800022b   Thumb Code     0  startup_stm32f767xx.o(.text)
    WWDG_IRQHandler                          0x0800022b   Thumb Code     0  startup_stm32f767xx.o(.text)
    __aeabi_uldivmod                         0x08000235   Thumb Code    98  uldiv.o(.text)
    toupper                                  0x08000297   Thumb Code    12  toupper.o(.text)
    __aeabi_memset                           0x080002a3   Thumb Code    14  memseta.o(.text)
    __aeabi_memset4                          0x080002a3   Thumb Code     0  memseta.o(.text)
    __aeabi_memset8                          0x080002a3   Thumb Code     0  memseta.o(.text)
    __aeabi_memclr                           0x080002b1   Thumb Code     4  memseta.o(.text)
    __aeabi_memclr4                          0x080002b1   Thumb Code     0  memseta.o(.text)
    __aeabi_memclr8                          0x080002b1   Thumb Code     0  memseta.o(.text)
    _memset$wrapper                          0x080002b5   Thumb Code    18  memseta.o(.text)
    strlen                                   0x080002c7   Thumb Code    14  strlen.o(.text)
    strcpy                                   0x080002d5   Thumb Code    18  strcpy.o(.text)
    strtok                                   0x080002e9   Thumb Code    62  strtok.o(.text)
    __0sscanf                                0x0800032d   Thumb Code    48  __0sscanf.o(.text)
    _scanf_int                               0x08000365   Thumb Code   332  _scanf_int.o(.text)
    _scanf_string                            0x080004b1   Thumb Code   224  _scanf_str.o(.text)
    __aeabi_uidiv                            0x08000591   Thumb Code     0  uidiv.o(.text)
    __aeabi_uidivmod                         0x08000591   Thumb Code    44  uidiv.o(.text)
    __aeabi_llsl                             0x080005bd   Thumb Code    30  llshl.o(.text)
    _ll_shift_l                              0x080005bd   Thumb Code     0  llshl.o(.text)
    __aeabi_llsr                             0x080005db   Thumb Code    32  llushr.o(.text)
    _ll_ushift_r                             0x080005db   Thumb Code     0  llushr.o(.text)
    _chval                                   0x080005fb   Thumb Code    28  _chval.o(.text)
    __vfscanf_char                           0x08000625   Thumb Code    20  scanf_char.o(.text)
    _sgetc                                   0x08000641   Thumb Code    30  _sgetc.o(.text)
    _sbackspace                              0x0800065f   Thumb Code    34  _sgetc.o(.text)
    __I$use$fp                               0x08000681   Thumb Code     0  iusefp.o(.text)
    __aeabi_dadd                             0x08000681   Thumb Code   322  dadd.o(.text)
    __aeabi_dsub                             0x080007c3   Thumb Code     6  dadd.o(.text)
    __aeabi_drsub                            0x080007c9   Thumb Code     6  dadd.o(.text)
    __aeabi_dmul                             0x080007cf   Thumb Code   228  dmul.o(.text)
    __aeabi_ddiv                             0x080008b3   Thumb Code   222  ddiv.o(.text)
    __aeabi_d2ulz                            0x08000991   Thumb Code    48  dfixul.o(.text)
    __aeabi_cdrcmple                         0x080009c1   Thumb Code    48  cdrcmple.o(.text)
    __scatterload                            0x080009f1   Thumb Code    28  init.o(.text)
    __scatterload_rt2                        0x080009f1   Thumb Code     0  init.o(.text)
    __aeabi_lasr                             0x08000a15   Thumb Code    36  llsshr.o(.text)
    _ll_sshift_r                             0x08000a15   Thumb Code     0  llsshr.o(.text)
    isspace                                  0x08000a39   Thumb Code    10  isspace_c.o(.text)
    __vfscanf                                0x08000a45   Thumb Code   810  _scanf.o(.text)
    _double_round                            0x08000d75   Thumb Code    30  depilogue.o(.text)
    _double_epilogue                         0x08000d93   Thumb Code   156  depilogue.o(.text)
    __ctype_lookup                           0x08000e31   Thumb Code    34  ctype_c.o(.text)
    BackSpace                                0x08000fc9   Thumb Code    44  main.o(i.BackSpace)
    BusFault_Handler                         0x08000ff9   Thumb Code     4  stm32f7xx_it.o(i.BusFault_Handler)
    DMA1_Stream6_IRQHandler                  0x08000ffd   Thumb Code    10  stm32f7xx_it.o(i.DMA1_Stream6_IRQHandler)
    DebugMon_Handler                         0x080010eb   Thumb Code     2  stm32f7xx_it.o(i.DebugMon_Handler)
    Discover_AdcChannel                      0x080010ed   Thumb Code    86  adc.o(i.Discover_AdcChannel)
    Error_Handler                            0x08001143   Thumb Code     6  main.o(i.Error_Handler)
    HAL_ADC_ConfigChannel                    0x08001149   Thumb Code   450  stm32f7xx_hal_adc.o(i.HAL_ADC_ConfigChannel)
    HAL_ADC_GetValue                         0x08001321   Thumb Code     8  stm32f7xx_hal_adc.o(i.HAL_ADC_GetValue)
    HAL_ADC_Init                             0x08001329   Thumb Code   100  stm32f7xx_hal_adc.o(i.HAL_ADC_Init)
    HAL_ADC_MspInit                          0x08001391   Thumb Code   196  adc.o(i.HAL_ADC_MspInit)
    HAL_ADC_Start                            0x08001469   Thumb Code   300  stm32f7xx_hal_adc.o(i.HAL_ADC_Start)
    HAL_ADC_Stop                             0x080015a9   Thumb Code    72  stm32f7xx_hal_adc.o(i.HAL_ADC_Stop)
    HAL_DACEx_DMAUnderrunCallbackCh2         0x080015f1   Thumb Code     2  stm32f7xx_hal_dac_ex.o(i.HAL_DACEx_DMAUnderrunCallbackCh2)
    HAL_DAC_ConfigChannel                    0x080015f3   Thumb Code    98  stm32f7xx_hal_dac.o(i.HAL_DAC_ConfigChannel)
    HAL_DAC_DMAUnderrunCallbackCh1           0x08001655   Thumb Code     2  stm32f7xx_hal_dac.o(i.HAL_DAC_DMAUnderrunCallbackCh1)
    HAL_DAC_IRQHandler                       0x08001657   Thumb Code   138  stm32f7xx_hal_dac.o(i.HAL_DAC_IRQHandler)
    HAL_DAC_Init                             0x080016e1   Thumb Code    40  stm32f7xx_hal_dac.o(i.HAL_DAC_Init)
    HAL_DAC_MspInit                          0x08001709   Thumb Code   188  dac.o(i.HAL_DAC_MspInit)
    HAL_DMA_Abort                            0x080017d9   Thumb Code   170  stm32f7xx_hal_dma.o(i.HAL_DMA_Abort)
    HAL_DMA_Abort_IT                         0x08001883   Thumb Code    40  stm32f7xx_hal_dma.o(i.HAL_DMA_Abort_IT)
    HAL_DMA_IRQHandler                       0x080018ad   Thumb Code   570  stm32f7xx_hal_dma.o(i.HAL_DMA_IRQHandler)
    HAL_DMA_Init                             0x08001aed   Thumb Code   232  stm32f7xx_hal_dma.o(i.HAL_DMA_Init)
    HAL_Delay                                0x08001bd9   Thumb Code    36  stm32f7xx_hal.o(i.HAL_Delay)
    HAL_GPIO_Init                            0x08001c01   Thumb Code   484  stm32f7xx_hal_gpio.o(i.HAL_GPIO_Init)
    HAL_GPIO_ReadPin                         0x08001e19   Thumb Code    16  stm32f7xx_hal_gpio.o(i.HAL_GPIO_ReadPin)
    HAL_GPIO_TogglePin                       0x08001e29   Thumb Code    20  stm32f7xx_hal_gpio.o(i.HAL_GPIO_TogglePin)
    HAL_GPIO_WritePin                        0x08001e3d   Thumb Code    12  stm32f7xx_hal_gpio.o(i.HAL_GPIO_WritePin)
    HAL_GetTick                              0x08001e49   Thumb Code     6  stm32f7xx_hal.o(i.HAL_GetTick)
    HAL_IncTick                              0x08001e55   Thumb Code    16  stm32f7xx_hal.o(i.HAL_IncTick)
    HAL_Init                                 0x08001e6d   Thumb Code    22  stm32f7xx_hal.o(i.HAL_Init)
    HAL_InitTick                             0x08001e85   Thumb Code    64  stm32f7xx_hal.o(i.HAL_InitTick)
    HAL_MspInit                              0x08001ed1   Thumb Code    60  stm32f7xx_hal_msp.o(i.HAL_MspInit)
    HAL_NVIC_EnableIRQ                       0x08001f11   Thumb Code    32  stm32f7xx_hal_cortex.o(i.HAL_NVIC_EnableIRQ)
    HAL_NVIC_SetPriority                     0x08001f31   Thumb Code   124  stm32f7xx_hal_cortex.o(i.HAL_NVIC_SetPriority)
    HAL_NVIC_SetPriorityGrouping             0x08001fad   Thumb Code    32  stm32f7xx_hal_cortex.o(i.HAL_NVIC_SetPriorityGrouping)
    HAL_PWREx_EnableOverDrive                0x08001fd5   Thumb Code   136  stm32f7xx_hal_pwr_ex.o(i.HAL_PWREx_EnableOverDrive)
    HAL_RCCEx_PeriphCLKConfig                0x08002065   Thumb Code  1880  stm32f7xx_hal_rcc_ex.o(i.HAL_RCCEx_PeriphCLKConfig)
    HAL_RCC_ClockConfig                      0x080027c1   Thumb Code   384  stm32f7xx_hal_rcc.o(i.HAL_RCC_ClockConfig)
    HAL_RCC_GetHCLKFreq                      0x08002955   Thumb Code     6  stm32f7xx_hal_rcc.o(i.HAL_RCC_GetHCLKFreq)
    HAL_RCC_GetPCLK1Freq                     0x08002961   Thumb Code    22  stm32f7xx_hal_rcc.o(i.HAL_RCC_GetPCLK1Freq)
    HAL_RCC_GetPCLK2Freq                     0x08002981   Thumb Code    22  stm32f7xx_hal_rcc.o(i.HAL_RCC_GetPCLK2Freq)
    HAL_RCC_GetSysClockFreq                  0x080029a1   Thumb Code   162  stm32f7xx_hal_rcc.o(i.HAL_RCC_GetSysClockFreq)
    HAL_RCC_OscConfig                        0x08002a4d   Thumb Code  1296  stm32f7xx_hal_rcc.o(i.HAL_RCC_OscConfig)
    HAL_SYSTICK_Config                       0x08002f61   Thumb Code    52  stm32f7xx_hal_cortex.o(i.HAL_SYSTICK_Config)
    HAL_TIMEx_Break2Callback                 0x08002f95   Thumb Code     2  stm32f7xx_hal_tim_ex.o(i.HAL_TIMEx_Break2Callback)
    HAL_TIMEx_BreakCallback                  0x08002f97   Thumb Code     2  stm32f7xx_hal_tim_ex.o(i.HAL_TIMEx_BreakCallback)
    HAL_TIMEx_CommutCallback                 0x08002f99   Thumb Code     2  stm32f7xx_hal_tim_ex.o(i.HAL_TIMEx_CommutCallback)
    HAL_TIMEx_MasterConfigSynchronization    0x08002f9d   Thumb Code   174  stm32f7xx_hal_tim_ex.o(i.HAL_TIMEx_MasterConfigSynchronization)
    HAL_TIM_Base_Init                        0x08003069   Thumb Code   110  stm32f7xx_hal_tim.o(i.HAL_TIM_Base_Init)
    HAL_TIM_Base_MspInit                     0x080030d9   Thumb Code   224  tim.o(i.HAL_TIM_Base_MspInit)
    HAL_TIM_Base_Start_IT                    0x080031c9   Thumb Code   146  stm32f7xx_hal_tim.o(i.HAL_TIM_Base_Start_IT)
    HAL_TIM_Base_Stop_IT                     0x0800327d   Thumb Code    62  stm32f7xx_hal_tim.o(i.HAL_TIM_Base_Stop_IT)
    HAL_TIM_ConfigClockSource                0x080032bd   Thumb Code   264  stm32f7xx_hal_tim.o(i.HAL_TIM_ConfigClockSource)
    HAL_TIM_IC_CaptureCallback               0x080033c9   Thumb Code    50  tim.o(i.HAL_TIM_IC_CaptureCallback)
    HAL_TIM_IC_ConfigChannel                 0x0800340d   Thumb Code   212  stm32f7xx_hal_tim.o(i.HAL_TIM_IC_ConfigChannel)
    HAL_TIM_IC_Init                          0x080034e1   Thumb Code   110  stm32f7xx_hal_tim.o(i.HAL_TIM_IC_Init)
    HAL_TIM_IC_MspInit                       0x08003551   Thumb Code   128  tim.o(i.HAL_TIM_IC_MspInit)
    HAL_TIM_IC_Start_IT                      0x080035dd   Thumb Code   416  stm32f7xx_hal_tim.o(i.HAL_TIM_IC_Start_IT)
    HAL_TIM_IC_Stop_IT                       0x0800379d   Thumb Code   238  stm32f7xx_hal_tim.o(i.HAL_TIM_IC_Stop_IT)
    HAL_TIM_IRQHandler                       0x0800388b   Thumb Code   440  stm32f7xx_hal_tim.o(i.HAL_TIM_IRQHandler)
    HAL_TIM_MspPostInit                      0x08003a45   Thumb Code    80  tim.o(i.HAL_TIM_MspPostInit)
    HAL_TIM_OC_DelayElapsedCallback          0x08003aa1   Thumb Code     2  stm32f7xx_hal_tim.o(i.HAL_TIM_OC_DelayElapsedCallback)
    HAL_TIM_PWM_ConfigChannel                0x08003aa3   Thumb Code   360  stm32f7xx_hal_tim.o(i.HAL_TIM_PWM_ConfigChannel)
    HAL_TIM_PWM_Init                         0x08003c0b   Thumb Code   110  stm32f7xx_hal_tim.o(i.HAL_TIM_PWM_Init)
    HAL_TIM_PWM_MspInit                      0x08003c79   Thumb Code    40  tim.o(i.HAL_TIM_PWM_MspInit)
    HAL_TIM_PWM_PulseFinishedCallback        0x08003ca9   Thumb Code     2  stm32f7xx_hal_tim.o(i.HAL_TIM_PWM_PulseFinishedCallback)
    HAL_TIM_PWM_Start                        0x08003cad   Thumb Code   290  stm32f7xx_hal_tim.o(i.HAL_TIM_PWM_Start)
    HAL_TIM_PeriodElapsedCallback            0x08003df1   Thumb Code   710  tim.o(i.HAL_TIM_PeriodElapsedCallback)
    HAL_TIM_TriggerCallback                  0x0800410d   Thumb Code     2  stm32f7xx_hal_tim.o(i.HAL_TIM_TriggerCallback)
    HAL_UARTEx_RxEventCallback               0x0800410f   Thumb Code     2  stm32f7xx_hal_uart.o(i.HAL_UARTEx_RxEventCallback)
    HAL_UARTEx_WakeupCallback                0x08004111   Thumb Code     2  stm32f7xx_hal_uart.o(i.HAL_UARTEx_WakeupCallback)
    HAL_UART_ErrorCallback                   0x08004113   Thumb Code     2  stm32f7xx_hal_uart.o(i.HAL_UART_ErrorCallback)
    HAL_UART_IRQHandler                      0x08004115   Thumb Code   694  stm32f7xx_hal_uart.o(i.HAL_UART_IRQHandler)
    HAL_UART_Init                            0x080043d5   Thumb Code   116  stm32f7xx_hal_uart.o(i.HAL_UART_Init)
    HAL_UART_MspInit                         0x08004449   Thumb Code   132  usart.o(i.HAL_UART_MspInit)
    HAL_UART_Receive_IT                      0x080044d9   Thumb Code    86  stm32f7xx_hal_uart.o(i.HAL_UART_Receive_IT)
    HAL_UART_RxCpltCallback                  0x08004531   Thumb Code    74  usart.o(i.HAL_UART_RxCpltCallback)
    HAL_UART_Transmit                        0x0800458d   Thumb Code   210  stm32f7xx_hal_uart.o(i.HAL_UART_Transmit)
    HAL_UART_Transmit_IT                     0x08004661   Thumb Code   112  stm32f7xx_hal_uart.o(i.HAL_UART_Transmit_IT)
    HAL_UART_TxCpltCallback                  0x080046d9   Thumb Code   122  usart.o(i.HAL_UART_TxCpltCallback)
    HardFault_Handler                        0x08004769   Thumb Code     4  stm32f7xx_it.o(i.HardFault_Handler)
    MX_ADC1_Init                             0x0800476d   Thumb Code   100  adc.o(i.MX_ADC1_Init)
    MX_DAC_Init                              0x080047dd   Thumb Code    52  dac.o(i.MX_DAC_Init)
    MX_DMA_Init                              0x08004819   Thumb Code    48  dma.o(i.MX_DMA_Init)
    MX_GPIO_Init                             0x0800484d   Thumb Code   286  gpio.o(i.MX_GPIO_Init)
    MX_TIM2_Init                             0x08004981   Thumb Code   106  tim.o(i.MX_TIM2_Init)
    MX_TIM3_Init                             0x080049f1   Thumb Code   120  tim.o(i.MX_TIM3_Init)
    MX_TIM4_Init                             0x08004a71   Thumb Code   112  tim.o(i.MX_TIM4_Init)
    MX_TIM6_Init                             0x08004ae9   Thumb Code   158  tim.o(i.MX_TIM6_Init)
    MX_TIM7_Init                             0x08004ba1   Thumb Code   158  tim.o(i.MX_TIM7_Init)
    MX_TIM9_Init                             0x08004c59   Thumb Code   164  tim.o(i.MX_TIM9_Init)
    MX_USART3_UART_Init                      0x08004d15   Thumb Code    56  usart.o(i.MX_USART3_UART_Init)
    MemManage_Handler                        0x08004d55   Thumb Code     4  stm32f7xx_it.o(i.MemManage_Handler)
    NMI_Handler                              0x08004d59   Thumb Code     4  stm32f7xx_it.o(i.NMI_Handler)
    PendSV_Handler                           0x08004d5d   Thumb Code     2  stm32f7xx_it.o(i.PendSV_Handler)
    SVC_Handler                              0x08004d5f   Thumb Code     2  stm32f7xx_it.o(i.SVC_Handler)
    SysTick_Handler                          0x08004d61   Thumb Code     8  stm32f7xx_it.o(i.SysTick_Handler)
    SystemClock_Config                       0x08004d69   Thumb Code   204  main.o(i.SystemClock_Config)
    SystemInit                               0x08004e3d   Thumb Code    14  system_stm32f7xx.o(i.SystemInit)
    TIM1_BRK_TIM9_IRQHandler                 0x08004e51   Thumb Code    10  stm32f7xx_it.o(i.TIM1_BRK_TIM9_IRQHandler)
    TIM2_IRQHandler                          0x08004e61   Thumb Code    10  stm32f7xx_it.o(i.TIM2_IRQHandler)
    TIM4_IRQHandler                          0x08004e71   Thumb Code    10  stm32f7xx_it.o(i.TIM4_IRQHandler)
    TIM6_DAC_IRQHandler                      0x08004e81   Thumb Code    16  stm32f7xx_it.o(i.TIM6_DAC_IRQHandler)
    TIM7_IRQHandler                          0x08004e99   Thumb Code    10  stm32f7xx_it.o(i.TIM7_IRQHandler)
    TIM_Base_SetConfig                       0x08004ea9   Thumb Code   170  stm32f7xx_hal_tim.o(i.TIM_Base_SetConfig)
    TIM_CCxChannelCmd                        0x08004f81   Thumb Code    34  stm32f7xx_hal_tim.o(i.TIM_CCxChannelCmd)
    TIM_ETR_SetConfig                        0x08004fa3   Thumb Code    22  stm32f7xx_hal_tim.o(i.TIM_ETR_SetConfig)
    TIM_OC2_SetConfig                        0x08005041   Thumb Code   114  stm32f7xx_hal_tim.o(i.TIM_OC2_SetConfig)
    TIM_TI1_SetConfig                        0x08005261   Thumb Code   114  stm32f7xx_hal_tim.o(i.TIM_TI1_SetConfig)
    UART_AdvFeatureConfig                    0x080053c7   Thumb Code   248  stm32f7xx_hal_uart.o(i.UART_AdvFeatureConfig)
    UART_CheckIdleState                      0x080054bf   Thumb Code   114  stm32f7xx_hal_uart.o(i.UART_CheckIdleState)
    UART_SetConfig                           0x080056b9   Thumb Code   784  stm32f7xx_hal_uart.o(i.UART_SetConfig)
    UART_Start_Receive_IT                    0x080059f5   Thumb Code   180  stm32f7xx_hal_uart.o(i.UART_Start_Receive_IT)
    UART_WaitOnFlagUntilTimeout              0x08005b35   Thumb Code   182  stm32f7xx_hal_uart.o(i.UART_WaitOnFlagUntilTimeout)
    USART3_IRQHandler                        0x08005bed   Thumb Code    10  stm32f7xx_it.o(i.USART3_IRQHandler)
    UsageFault_Handler                       0x08005bfd   Thumb Code     4  stm32f7xx_it.o(i.UsageFault_Handler)
    __0printf                                0x08005c01   Thumb Code    22  printfa.o(i.__0printf)
    __1printf                                0x08005c01   Thumb Code     0  printfa.o(i.__0printf)
    __2printf                                0x08005c01   Thumb Code     0  printfa.o(i.__0printf)
    __c89printf                              0x08005c01   Thumb Code     0  printfa.o(i.__0printf)
    printf                                   0x08005c01   Thumb Code     0  printfa.o(i.__0printf)
    __0sprintf                               0x08005c21   Thumb Code    34  printfa.o(i.__0sprintf)
    __1sprintf                               0x08005c21   Thumb Code     0  printfa.o(i.__0sprintf)
    __2sprintf                               0x08005c21   Thumb Code     0  printfa.o(i.__0sprintf)
    __c89sprintf                             0x08005c21   Thumb Code     0  printfa.o(i.__0sprintf)
    sprintf                                  0x08005c21   Thumb Code     0  printfa.o(i.__0sprintf)
    __scatterload_copy                       0x08005c81   Thumb Code    14  handlers.o(i.__scatterload_copy)
    __scatterload_null                       0x08005c8f   Thumb Code     2  handlers.o(i.__scatterload_null)
    __scatterload_zeroinit                   0x08005c91   Thumb Code    14  handlers.o(i.__scatterload_zeroinit)
    empty_buffer                             0x08006535   Thumb Code    22  main.o(i.empty_buffer)
    execution                                0x0800654d   Thumb Code  1062  main.o(i.execution)
    fputc                                    0x08006a69   Thumb Code    20  usart.o(i.fputc)
    init_UART3                               0x08006a81   Thumb Code    20  usart.o(i.init_UART3)
    main                                     0x08006aa1   Thumb Code  1032  main.o(i.main)
    malloc                                   0x08006f45   Thumb Code    92  malloc.o(i.malloc)
    newMessage                               0x08006fb1   Thumb Code    64  usart.o(i.newMessage)
    parsing                                  0x08007005   Thumb Code  1702  main.o(i.parsing)
    print_commands                           0x080076b5   Thumb Code   186  usart.o(i.print_commands)
    print_error                              0x08007845   Thumb Code    92  usart.o(i.print_error)
    print_message                            0x08007959   Thumb Code    46  usart.o(i.print_message)
    push_FIFO                                0x08007999   Thumb Code    54  main.o(i.push_FIFO)
    verify_instruction                       0x080079d9   Thumb Code    58  main.o(i.verify_instruction)
    AHBPrescTable                            0x08007a1a   Data          16  system_stm32f7xx.o(.constdata)
    APBPrescTable                            0x08007a2a   Data           8  system_stm32f7xx.o(.constdata)
    __ctype_categories                       0x08007a32   Data          64  ctype_c.o(.constdata)
    Region$$Table$$Base                      0x08007e3c   Number         0  anon$$obj.o(Region$$Table)
    Region$$Table$$Limit                     0x08007e5c   Number         0  anon$$obj.o(Region$$Table)
    Rx_indx                                  0x20000000   Data           1  main.o(.data)
    control_mode                             0x20000001   Data           1  main.o(.data)
    enable                                   0x20000002   Data           1  main.o(.data)
    control                                  0x20000003   Data           1  main.o(.data)
    v_ref                                    0x20000004   Data           4  main.o(.data)
    adcChannel                               0x20000008   Data           4  adc.o(.data)
    adc_signal                               0x2000000c   Data           4  adc.o(.data)
    adc_print                                0x20000010   Data           1  tim.o(.data)
    filter                                   0x20000011   Data           1  tim.o(.data)
    send                                     0x20000012   Data           2  tim.o(.data)
    Tsample                                  0x20000018   Data           8  tim.o(.data)
    Tsample2                                 0x20000020   Data           8  tim.o(.data)
    Tsample3                                 0x20000028   Data           8  tim.o(.data)
    sentido                                  0x20000030   Data           4  tim.o(.data)
    pulses                                   0x20000034   Data           4  tim.o(.data)
    sampling                                 0x20000038   Data           4  tim.o(.data)
    pid                                      0x2000003c   Data           4  tim.o(.data)
    sampling_print                           0x20000040   Data           1  tim.o(.data)
    pid_print                                0x20000041   Data           1  tim.o(.data)
    x                                        0x20000044   Data          80  tim.o(.data)
    index_array                              0x20000094   Data           4  tim.o(.data)
    p_index                                  0x20000098   Data           4  tim.o(.data)
    receive_flag                             0x2000009c   Data           4  usart.o(.data)
    UART3Rx_index                            0x200000a0   Data           1  usart.o(.data)
    transmit_flag                            0x200000a4   Data           4  usart.o(.data)
    Tx_index                                 0x200000a8   Data           1  usart.o(.data)
    uwTick                                   0x200000b0   Data           4  stm32f7xx_hal.o(.data)
    uwTickPrio                               0x200000b4   Data           4  stm32f7xx_hal.o(.data)
    uwTickFreq                               0x200000b8   Data           1  stm32f7xx_hal.o(.data)
    SystemCoreClock                          0x200000bc   Data           4  system_stm32f7xx.o(.data)
    __stdout                                 0x200000c4   Data           4  stdout.o(.data)
    __microlib_freelist                      0x200000c8   Data           4  mvars.o(.data)
    __microlib_freelist_initialised          0x200000cc   Data           4  mvars.o(.data)
    memory_buffer                            0x200000d0   Data        4096  main.o(.bss)
    adc_buffer                               0x200010d0   Data          10  main.o(.bss)
    hadc1                                    0x200010dc   Data          72  adc.o(.bss)
    hdac                                     0x20001124   Data          20  dac.o(.bss)
    hdma_dac2                                0x20001138   Data          96  dac.o(.bss)
    sampling_buffer                          0x20001198   Data          20  tim.o(.bss)
    htim2                                    0x200011ac   Data          76  tim.o(.bss)
    htim3                                    0x200011f8   Data          76  tim.o(.bss)
    htim4                                    0x20001244   Data          76  tim.o(.bss)
    htim6                                    0x20001290   Data          76  tim.o(.bss)
    htim7                                    0x200012dc   Data          76  tim.o(.bss)
    htim9                                    0x20001328   Data          76  tim.o(.bss)
    UART3Rx_Buffer                           0x20001374   Data         128  usart.o(.bss)
    Rx_Buffer                                0x200013f4   Data         128  usart.o(.bss)
    Tx_Buffer                                0x20001474   Data         256  usart.o(.bss)
    huart3                                   0x20001574   Data         132  usart.o(.bss)
    __heap_base                              0x200015f8   Data           0  startup_stm32f767xx.o(HEAP)
    __heap_limit                             0x200017f8   Data           0  startup_stm32f767xx.o(HEAP)
    __initial_sp                             0x20001bf8   Data           0  startup_stm32f767xx.o(STACK)



==============================================================================

Memory Map of the image

  Image Entry point : 0x080001f9

  Load Region LR_IROM1 (Base: 0x08000000, Size: 0x00007f2c, Max: 0x00200000, ABSOLUTE)

    Execution Region ER_IROM1 (Exec base: 0x08000000, Load base: 0x08000000, Size: 0x00007e5c, Max: 0x00200000, ABSOLUTE)

    Exec Addr    Load Addr    Size         Type   Attr      Idx    E Section Name        Object

    0x08000000   0x08000000   0x000001f8   Data   RO            3    RESET               startup_stm32f767xx.o
    0x080001f8   0x080001f8   0x00000000   Code   RO         4540  * .ARM.Collect$$$$00000000  mc_w.l(entry.o)
    0x080001f8   0x080001f8   0x00000004   Code   RO         4854    .ARM.Collect$$$$00000001  mc_w.l(entry2.o)
    0x080001fc   0x080001fc   0x00000004   Code   RO         4857    .ARM.Collect$$$$00000004  mc_w.l(entry5.o)
    0x08000200   0x08000200   0x00000000   Code   RO         4859    .ARM.Collect$$$$00000008  mc_w.l(entry7b.o)
    0x08000200   0x08000200   0x00000000   Code   RO         4861    .ARM.Collect$$$$0000000A  mc_w.l(entry8b.o)
    0x08000200   0x08000200   0x00000008   Code   RO         4862    .ARM.Collect$$$$0000000B  mc_w.l(entry9a.o)
    0x08000208   0x08000208   0x00000004   Code   RO         4869    .ARM.Collect$$$$0000000E  mc_w.l(entry12b.o)
    0x0800020c   0x0800020c   0x00000000   Code   RO         4864    .ARM.Collect$$$$0000000F  mc_w.l(entry10a.o)
    0x0800020c   0x0800020c   0x00000000   Code   RO         4866    .ARM.Collect$$$$00000011  mc_w.l(entry11a.o)
    0x0800020c   0x0800020c   0x00000004   Code   RO         4855    .ARM.Collect$$$$00002712  mc_w.l(entry2.o)
    0x08000210   0x08000210   0x00000024   Code   RO            4    .text               startup_stm32f767xx.o
    0x08000234   0x08000234   0x00000062   Code   RO         4543    .text               mc_w.l(uldiv.o)
    0x08000296   0x08000296   0x0000000c   Code   RO         4545    .text               mc_w.l(toupper.o)
    0x080002a2   0x080002a2   0x00000024   Code   RO         4547    .text               mc_w.l(memseta.o)
    0x080002c6   0x080002c6   0x0000000e   Code   RO         4549    .text               mc_w.l(strlen.o)
    0x080002d4   0x080002d4   0x00000012   Code   RO         4551    .text               mc_w.l(strcpy.o)
    0x080002e6   0x080002e6   0x00000002   PAD
    0x080002e8   0x080002e8   0x00000044   Code   RO         4553    .text               mc_w.l(strtok.o)
    0x0800032c   0x0800032c   0x00000038   Code   RO         4848    .text               mc_w.l(__0sscanf.o)
    0x08000364   0x08000364   0x0000014c   Code   RO         4850    .text               mc_w.l(_scanf_int.o)
    0x080004b0   0x080004b0   0x000000e0   Code   RO         4852    .text               mc_w.l(_scanf_str.o)
    0x08000590   0x08000590   0x0000002c   Code   RO         4871    .text               mc_w.l(uidiv.o)
    0x080005bc   0x080005bc   0x0000001e   Code   RO         4873    .text               mc_w.l(llshl.o)
    0x080005da   0x080005da   0x00000020   Code   RO         4875    .text               mc_w.l(llushr.o)
    0x080005fa   0x080005fa   0x0000001c   Code   RO         4883    .text               mc_w.l(_chval.o)
    0x08000616   0x08000616   0x00000002   PAD
    0x08000618   0x08000618   0x00000028   Code   RO         4885    .text               mc_w.l(scanf_char.o)
    0x08000640   0x08000640   0x00000040   Code   RO         4887    .text               mc_w.l(_sgetc.o)
    0x08000680   0x08000680   0x00000000   Code   RO         4889    .text               mc_w.l(iusefp.o)
    0x08000680   0x08000680   0x0000014e   Code   RO         4890    .text               mf_w.l(dadd.o)
    0x080007ce   0x080007ce   0x000000e4   Code   RO         4892    .text               mf_w.l(dmul.o)
    0x080008b2   0x080008b2   0x000000de   Code   RO         4894    .text               mf_w.l(ddiv.o)
    0x08000990   0x08000990   0x00000030   Code   RO         4896    .text               mf_w.l(dfixul.o)
    0x080009c0   0x080009c0   0x00000030   Code   RO         4898    .text               mf_w.l(cdrcmple.o)
    0x080009f0   0x080009f0   0x00000024   Code   RO         4900    .text               mc_w.l(init.o)
    0x08000a14   0x08000a14   0x00000024   Code   RO         4902    .text               mc_w.l(llsshr.o)
    0x08000a38   0x08000a38   0x0000000a   Code   RO         4904    .text               mc_w.l(isspace_c.o)
    0x08000a42   0x08000a42   0x00000002   PAD
    0x08000a44   0x08000a44   0x00000330   Code   RO         4906    .text               mc_w.l(_scanf.o)
    0x08000d74   0x08000d74   0x000000ba   Code   RO         4908    .text               mf_w.l(depilogue.o)
    0x08000e2e   0x08000e2e   0x00000002   PAD
    0x08000e30   0x08000e30   0x00000028   Code   RO         4910    .text               mc_w.l(ctype_c.o)
    0x08000e58   0x08000e58   0x00000170   Code   RO          752    i.ADC_Init          stm32f7xx_hal_adc.o
    0x08000fc8   0x08000fc8   0x00000030   Code   RO           13    i.BackSpace         main.o
    0x08000ff8   0x08000ff8   0x00000004   Code   RO          607    i.BusFault_Handler  stm32f7xx_it.o
    0x08000ffc   0x08000ffc   0x00000010   Code   RO          608    i.DMA1_Stream6_IRQHandler  stm32f7xx_it.o
    0x0800100c   0x0800100c   0x00000034   Code   RO         1479    i.DMA_CalcBaseAndBitshift  stm32f7xx_hal_dma.o
    0x08001040   0x08001040   0x000000aa   Code   RO         1480    i.DMA_CheckFifoParam  stm32f7xx_hal_dma.o
    0x080010ea   0x080010ea   0x00000002   Code   RO          609    i.DebugMon_Handler  stm32f7xx_it.o
    0x080010ec   0x080010ec   0x00000056   Code   RO          280    i.Discover_AdcChannel  adc.o
    0x08001142   0x08001142   0x00000006   Code   RO           15    i.Error_Handler     main.o
    0x08001148   0x08001148   0x000001d8   Code   RO          754    i.HAL_ADC_ConfigChannel  stm32f7xx_hal_adc.o
    0x08001320   0x08001320   0x00000008   Code   RO          761    i.HAL_ADC_GetValue  stm32f7xx_hal_adc.o
    0x08001328   0x08001328   0x00000068   Code   RO          763    i.HAL_ADC_Init      stm32f7xx_hal_adc.o
    0x08001390   0x08001390   0x000000d8   Code   RO          282    i.HAL_ADC_MspInit   adc.o
    0x08001468   0x08001468   0x00000140   Code   RO          769    i.HAL_ADC_Start     stm32f7xx_hal_adc.o
    0x080015a8   0x080015a8   0x00000048   Code   RO          772    i.HAL_ADC_Stop      stm32f7xx_hal_adc.o
    0x080015f0   0x080015f0   0x00000002   Code   RO         2917    i.HAL_DACEx_DMAUnderrunCallbackCh2  stm32f7xx_hal_dac_ex.o
    0x080015f2   0x080015f2   0x00000062   Code   RO         2771    i.HAL_DAC_ConfigChannel  stm32f7xx_hal_dac.o
    0x08001654   0x08001654   0x00000002   Code   RO         2774    i.HAL_DAC_DMAUnderrunCallbackCh1  stm32f7xx_hal_dac.o
    0x08001656   0x08001656   0x0000008a   Code   RO         2780    i.HAL_DAC_IRQHandler  stm32f7xx_hal_dac.o
    0x080016e0   0x080016e0   0x00000028   Code   RO         2781    i.HAL_DAC_Init      stm32f7xx_hal_dac.o
    0x08001708   0x08001708   0x000000d0   Code   RO          331    i.HAL_DAC_MspInit   dac.o
    0x080017d8   0x080017d8   0x000000aa   Code   RO         1482    i.HAL_DMA_Abort     stm32f7xx_hal_dma.o
    0x08001882   0x08001882   0x00000028   Code   RO         1483    i.HAL_DMA_Abort_IT  stm32f7xx_hal_dma.o
    0x080018aa   0x080018aa   0x00000002   PAD
    0x080018ac   0x080018ac   0x00000240   Code   RO         1487    i.HAL_DMA_IRQHandler  stm32f7xx_hal_dma.o
    0x08001aec   0x08001aec   0x000000ec   Code   RO         1488    i.HAL_DMA_Init      stm32f7xx_hal_dma.o
    0x08001bd8   0x08001bd8   0x00000028   Code   RO         1989    i.HAL_Delay         stm32f7xx_hal.o
    0x08001c00   0x08001c00   0x00000218   Code   RO         1416    i.HAL_GPIO_Init     stm32f7xx_hal_gpio.o
    0x08001e18   0x08001e18   0x00000010   Code   RO         1418    i.HAL_GPIO_ReadPin  stm32f7xx_hal_gpio.o
    0x08001e28   0x08001e28   0x00000014   Code   RO         1419    i.HAL_GPIO_TogglePin  stm32f7xx_hal_gpio.o
    0x08001e3c   0x08001e3c   0x0000000c   Code   RO         1420    i.HAL_GPIO_WritePin  stm32f7xx_hal_gpio.o
    0x08001e48   0x08001e48   0x0000000c   Code   RO         1999    i.HAL_GetTick       stm32f7xx_hal.o
    0x08001e54   0x08001e54   0x00000018   Code   RO         2005    i.HAL_IncTick       stm32f7xx_hal.o
    0x08001e6c   0x08001e6c   0x00000016   Code   RO         2006    i.HAL_Init          stm32f7xx_hal.o
    0x08001e82   0x08001e82   0x00000002   PAD
    0x08001e84   0x08001e84   0x0000004c   Code   RO         2007    i.HAL_InitTick      stm32f7xx_hal.o
    0x08001ed0   0x08001ed0   0x00000040   Code   RO          725    i.HAL_MspInit       stm32f7xx_hal_msp.o
    0x08001f10   0x08001f10   0x00000020   Code   RO         1847    i.HAL_NVIC_EnableIRQ  stm32f7xx_hal_cortex.o
    0x08001f30   0x08001f30   0x0000007c   Code   RO         1853    i.HAL_NVIC_SetPriority  stm32f7xx_hal_cortex.o
    0x08001fac   0x08001fac   0x00000028   Code   RO         1854    i.HAL_NVIC_SetPriorityGrouping  stm32f7xx_hal_cortex.o
    0x08001fd4   0x08001fd4   0x00000090   Code   RO         1756    i.HAL_PWREx_EnableOverDrive  stm32f7xx_hal_pwr_ex.o
    0x08002064   0x08002064   0x0000075c   Code   RO         1132    i.HAL_RCCEx_PeriphCLKConfig  stm32f7xx_hal_rcc_ex.o
    0x080027c0   0x080027c0   0x00000194   Code   RO         1025    i.HAL_RCC_ClockConfig  stm32f7xx_hal_rcc.o
    0x08002954   0x08002954   0x0000000c   Code   RO         1030    i.HAL_RCC_GetHCLKFreq  stm32f7xx_hal_rcc.o
    0x08002960   0x08002960   0x00000020   Code   RO         1032    i.HAL_RCC_GetPCLK1Freq  stm32f7xx_hal_rcc.o
    0x08002980   0x08002980   0x00000020   Code   RO         1033    i.HAL_RCC_GetPCLK2Freq  stm32f7xx_hal_rcc.o
    0x080029a0   0x080029a0   0x000000ac   Code   RO         1034    i.HAL_RCC_GetSysClockFreq  stm32f7xx_hal_rcc.o
    0x08002a4c   0x08002a4c   0x00000514   Code   RO         1037    i.HAL_RCC_OscConfig  stm32f7xx_hal_rcc.o
    0x08002f60   0x08002f60   0x00000034   Code   RO         1858    i.HAL_SYSTICK_Config  stm32f7xx_hal_cortex.o
    0x08002f94   0x08002f94   0x00000002   Code   RO         3735    i.HAL_TIMEx_Break2Callback  stm32f7xx_hal_tim_ex.o
    0x08002f96   0x08002f96   0x00000002   Code   RO         3736    i.HAL_TIMEx_BreakCallback  stm32f7xx_hal_tim_ex.o
    0x08002f98   0x08002f98   0x00000002   Code   RO         3737    i.HAL_TIMEx_CommutCallback  stm32f7xx_hal_tim_ex.o
    0x08002f9a   0x08002f9a   0x00000002   PAD
    0x08002f9c   0x08002f9c   0x000000cc   Code   RO         3757    i.HAL_TIMEx_MasterConfigSynchronization  stm32f7xx_hal_tim_ex.o
    0x08003068   0x08003068   0x0000006e   Code   RO         3010    i.HAL_TIM_Base_Init  stm32f7xx_hal_tim.o
    0x080030d6   0x080030d6   0x00000002   PAD
    0x080030d8   0x080030d8   0x000000f0   Code   RO          397    i.HAL_TIM_Base_MspInit  tim.o
    0x080031c8   0x080031c8   0x000000b4   Code   RO         3015    i.HAL_TIM_Base_Start_IT  stm32f7xx_hal_tim.o
    0x0800327c   0x0800327c   0x0000003e   Code   RO         3018    i.HAL_TIM_Base_Stop_IT  stm32f7xx_hal_tim.o
    0x080032ba   0x080032ba   0x00000002   PAD
    0x080032bc   0x080032bc   0x0000010c   Code   RO         3019    i.HAL_TIM_ConfigClockSource  stm32f7xx_hal_tim.o
    0x080033c8   0x080033c8   0x00000044   Code   RO          398    i.HAL_TIM_IC_CaptureCallback  tim.o
    0x0800340c   0x0800340c   0x000000d4   Code   RO         3046    i.HAL_TIM_IC_ConfigChannel  stm32f7xx_hal_tim.o
    0x080034e0   0x080034e0   0x0000006e   Code   RO         3049    i.HAL_TIM_IC_Init   stm32f7xx_hal_tim.o
    0x0800354e   0x0800354e   0x00000002   PAD
    0x08003550   0x08003550   0x0000008c   Code   RO          400    i.HAL_TIM_IC_MspInit  tim.o
    0x080035dc   0x080035dc   0x000001c0   Code   RO         3054    i.HAL_TIM_IC_Start_IT  stm32f7xx_hal_tim.o
    0x0800379c   0x0800379c   0x000000ee   Code   RO         3057    i.HAL_TIM_IC_Stop_IT  stm32f7xx_hal_tim.o
    0x0800388a   0x0800388a   0x000001b8   Code   RO         3058    i.HAL_TIM_IRQHandler  stm32f7xx_hal_tim.o
    0x08003a42   0x08003a42   0x00000002   PAD
    0x08003a44   0x08003a44   0x0000005c   Code   RO          401    i.HAL_TIM_MspPostInit  tim.o
    0x08003aa0   0x08003aa0   0x00000002   Code   RO         3061    i.HAL_TIM_OC_DelayElapsedCallback  stm32f7xx_hal_tim.o
    0x08003aa2   0x08003aa2   0x00000168   Code   RO         3082    i.HAL_TIM_PWM_ConfigChannel  stm32f7xx_hal_tim.o
    0x08003c0a   0x08003c0a   0x0000006e   Code   RO         3085    i.HAL_TIM_PWM_Init  stm32f7xx_hal_tim.o
    0x08003c78   0x08003c78   0x00000030   Code   RO          403    i.HAL_TIM_PWM_MspInit  tim.o
    0x08003ca8   0x08003ca8   0x00000002   Code   RO         3088    i.HAL_TIM_PWM_PulseFinishedCallback  stm32f7xx_hal_tim.o
    0x08003caa   0x08003caa   0x00000002   PAD
    0x08003cac   0x08003cac   0x00000144   Code   RO         3090    i.HAL_TIM_PWM_Start  stm32f7xx_hal_tim.o
    0x08003df0   0x08003df0   0x0000031c   Code   RO          404    i.HAL_TIM_PeriodElapsedCallback  tim.o
    0x0800410c   0x0800410c   0x00000002   Code   RO         3101    i.HAL_TIM_TriggerCallback  stm32f7xx_hal_tim.o
    0x0800410e   0x0800410e   0x00000002   Code   RO         4029    i.HAL_UARTEx_RxEventCallback  stm32f7xx_hal_uart.o
    0x08004110   0x08004110   0x00000002   Code   RO         4030    i.HAL_UARTEx_WakeupCallback  stm32f7xx_hal_uart.o
    0x08004112   0x08004112   0x00000002   Code   RO         4046    i.HAL_UART_ErrorCallback  stm32f7xx_hal_uart.o
    0x08004114   0x08004114   0x000002c0   Code   RO         4049    i.HAL_UART_IRQHandler  stm32f7xx_hal_uart.o
    0x080043d4   0x080043d4   0x00000074   Code   RO         4050    i.HAL_UART_Init     stm32f7xx_hal_uart.o
    0x08004448   0x08004448   0x00000090   Code   RO          516    i.HAL_UART_MspInit  usart.o
    0x080044d8   0x080044d8   0x00000056   Code   RO         4055    i.HAL_UART_Receive_IT  stm32f7xx_hal_uart.o
    0x0800452e   0x0800452e   0x00000002   PAD
    0x08004530   0x08004530   0x0000005c   Code   RO          517    i.HAL_UART_RxCpltCallback  usart.o
    0x0800458c   0x0800458c   0x000000d2   Code   RO         4059    i.HAL_UART_Transmit  stm32f7xx_hal_uart.o
    0x0800465e   0x0800465e   0x00000002   PAD
    0x08004660   0x08004660   0x00000078   Code   RO         4061    i.HAL_UART_Transmit_IT  stm32f7xx_hal_uart.o
    0x080046d8   0x080046d8   0x00000090   Code   RO          518    i.HAL_UART_TxCpltCallback  usart.o
    0x08004768   0x08004768   0x00000004   Code   RO          610    i.HardFault_Handler  stm32f7xx_it.o
    0x0800476c   0x0800476c   0x00000070   Code   RO          283    i.MX_ADC1_Init      adc.o
    0x080047dc   0x080047dc   0x0000003c   Code   RO          332    i.MX_DAC_Init       dac.o
    0x08004818   0x08004818   0x00000034   Code   RO          372    i.MX_DMA_Init       dma.o
    0x0800484c   0x0800484c   0x00000134   Code   RO          256    i.MX_GPIO_Init      gpio.o
    0x08004980   0x08004980   0x00000070   Code   RO          405    i.MX_TIM2_Init      tim.o
    0x080049f0   0x080049f0   0x00000080   Code   RO          406    i.MX_TIM3_Init      tim.o
    0x08004a70   0x08004a70   0x00000078   Code   RO          407    i.MX_TIM4_Init      tim.o
    0x08004ae8   0x08004ae8   0x000000b8   Code   RO          408    i.MX_TIM6_Init      tim.o
    0x08004ba0   0x08004ba0   0x000000b8   Code   RO          409    i.MX_TIM7_Init      tim.o
    0x08004c58   0x08004c58   0x000000bc   Code   RO          410    i.MX_TIM9_Init      tim.o
    0x08004d14   0x08004d14   0x00000040   Code   RO          519    i.MX_USART3_UART_Init  usart.o
    0x08004d54   0x08004d54   0x00000004   Code   RO          611    i.MemManage_Handler  stm32f7xx_it.o
    0x08004d58   0x08004d58   0x00000004   Code   RO          612    i.NMI_Handler       stm32f7xx_it.o
    0x08004d5c   0x08004d5c   0x00000002   Code   RO          613    i.PendSV_Handler    stm32f7xx_it.o
    0x08004d5e   0x08004d5e   0x00000002   Code   RO          614    i.SVC_Handler       stm32f7xx_it.o
    0x08004d60   0x08004d60   0x00000008   Code   RO          615    i.SysTick_Handler   stm32f7xx_it.o
    0x08004d68   0x08004d68   0x000000d4   Code   RO           16    i.SystemClock_Config  main.o
    0x08004e3c   0x08004e3c   0x00000014   Code   RO         4507    i.SystemInit        system_stm32f7xx.o
    0x08004e50   0x08004e50   0x00000010   Code   RO          616    i.TIM1_BRK_TIM9_IRQHandler  stm32f7xx_it.o
    0x08004e60   0x08004e60   0x00000010   Code   RO          617    i.TIM2_IRQHandler   stm32f7xx_it.o
    0x08004e70   0x08004e70   0x00000010   Code   RO          618    i.TIM4_IRQHandler   stm32f7xx_it.o
    0x08004e80   0x08004e80   0x00000018   Code   RO          619    i.TIM6_DAC_IRQHandler  stm32f7xx_it.o
    0x08004e98   0x08004e98   0x00000010   Code   RO          620    i.TIM7_IRQHandler   stm32f7xx_it.o
    0x08004ea8   0x08004ea8   0x000000d8   Code   RO         3103    i.TIM_Base_SetConfig  stm32f7xx_hal_tim.o
    0x08004f80   0x08004f80   0x00000022   Code   RO         3104    i.TIM_CCxChannelCmd  stm32f7xx_hal_tim.o
    0x08004fa2   0x08004fa2   0x00000016   Code   RO         3114    i.TIM_ETR_SetConfig  stm32f7xx_hal_tim.o
    0x08004fb8   0x08004fb8   0x00000012   Code   RO         3115    i.TIM_ITRx_SetConfig  stm32f7xx_hal_tim.o
    0x08004fca   0x08004fca   0x00000002   PAD
    0x08004fcc   0x08004fcc   0x00000074   Code   RO         3116    i.TIM_OC1_SetConfig  stm32f7xx_hal_tim.o
    0x08005040   0x08005040   0x00000080   Code   RO         3117    i.TIM_OC2_SetConfig  stm32f7xx_hal_tim.o
    0x080050c0   0x080050c0   0x0000007c   Code   RO         3118    i.TIM_OC3_SetConfig  stm32f7xx_hal_tim.o
    0x0800513c   0x0800513c   0x00000058   Code   RO         3119    i.TIM_OC4_SetConfig  stm32f7xx_hal_tim.o
    0x08005194   0x08005194   0x00000050   Code   RO         3120    i.TIM_OC5_SetConfig  stm32f7xx_hal_tim.o
    0x080051e4   0x080051e4   0x00000054   Code   RO         3121    i.TIM_OC6_SetConfig  stm32f7xx_hal_tim.o
    0x08005238   0x08005238   0x00000026   Code   RO         3123    i.TIM_TI1_ConfigInputStage  stm32f7xx_hal_tim.o
    0x0800525e   0x0800525e   0x00000002   PAD
    0x08005260   0x08005260   0x00000090   Code   RO         3124    i.TIM_TI1_SetConfig  stm32f7xx_hal_tim.o
    0x080052f0   0x080052f0   0x00000028   Code   RO         3125    i.TIM_TI2_ConfigInputStage  stm32f7xx_hal_tim.o
    0x08005318   0x08005318   0x0000003a   Code   RO         3126    i.TIM_TI2_SetConfig  stm32f7xx_hal_tim.o
    0x08005352   0x08005352   0x00000038   Code   RO         3127    i.TIM_TI3_SetConfig  stm32f7xx_hal_tim.o
    0x0800538a   0x0800538a   0x0000003c   Code   RO         3128    i.TIM_TI4_SetConfig  stm32f7xx_hal_tim.o
    0x080053c6   0x080053c6   0x000000f8   Code   RO         4064    i.UART_AdvFeatureConfig  stm32f7xx_hal_uart.o
    0x080054be   0x080054be   0x00000072   Code   RO         4065    i.UART_CheckIdleState  stm32f7xx_hal_uart.o
    0x08005530   0x08005530   0x00000018   Code   RO         4066    i.UART_DMAAbortOnError  stm32f7xx_hal_uart.o
    0x08005548   0x08005548   0x00000036   Code   RO         4076    i.UART_EndRxTransfer  stm32f7xx_hal_uart.o
    0x0800557e   0x0800557e   0x00000020   Code   RO         4077    i.UART_EndTransmit_IT  stm32f7xx_hal_uart.o
    0x0800559e   0x0800559e   0x0000008e   Code   RO         4079    i.UART_RxISR_16BIT  stm32f7xx_hal_uart.o
    0x0800562c   0x0800562c   0x0000008a   Code   RO         4080    i.UART_RxISR_8BIT   stm32f7xx_hal_uart.o
    0x080056b6   0x080056b6   0x00000002   PAD
    0x080056b8   0x080056b8   0x0000033c   Code   RO         4081    i.UART_SetConfig    stm32f7xx_hal_uart.o
    0x080059f4   0x080059f4   0x000000bc   Code   RO         4083    i.UART_Start_Receive_IT  stm32f7xx_hal_uart.o
    0x08005ab0   0x08005ab0   0x00000044   Code   RO         4084    i.UART_TxISR_16BIT  stm32f7xx_hal_uart.o
    0x08005af4   0x08005af4   0x00000040   Code   RO         4085    i.UART_TxISR_8BIT   stm32f7xx_hal_uart.o
    0x08005b34   0x08005b34   0x000000b6   Code   RO         4086    i.UART_WaitOnFlagUntilTimeout  stm32f7xx_hal_uart.o
    0x08005bea   0x08005bea   0x00000002   PAD
    0x08005bec   0x08005bec   0x00000010   Code   RO          621    i.USART3_IRQHandler  stm32f7xx_it.o
    0x08005bfc   0x08005bfc   0x00000004   Code   RO          622    i.UsageFault_Handler  stm32f7xx_it.o
    0x08005c00   0x08005c00   0x00000020   Code   RO         4792    i.__0printf         mc_w.l(printfa.o)
    0x08005c20   0x08005c20   0x00000028   Code   RO         4794    i.__0sprintf        mc_w.l(printfa.o)
    0x08005c48   0x08005c48   0x00000010   Code   RO         1860    i.__NVIC_GetPriorityGrouping  stm32f7xx_hal_cortex.o
    0x08005c58   0x08005c58   0x00000028   Code   RO         1861    i.__NVIC_SetPriority  stm32f7xx_hal_cortex.o
    0x08005c80   0x08005c80   0x0000000e   Code   RO         4915    i.__scatterload_copy  mc_w.l(handlers.o)
    0x08005c8e   0x08005c8e   0x00000002   Code   RO         4916    i.__scatterload_null  mc_w.l(handlers.o)
    0x08005c90   0x08005c90   0x0000000e   Code   RO         4917    i.__scatterload_zeroinit  mc_w.l(handlers.o)
    0x08005c9e   0x08005c9e   0x00000002   PAD
    0x08005ca0   0x08005ca0   0x00000184   Code   RO         4799    i._fp_digits        mc_w.l(printfa.o)
    0x08005e24   0x08005e24   0x000006b4   Code   RO         4800    i._printf_core      mc_w.l(printfa.o)
    0x080064d8   0x080064d8   0x00000024   Code   RO         4801    i._printf_post_padding  mc_w.l(printfa.o)
    0x080064fc   0x080064fc   0x0000002e   Code   RO         4802    i._printf_pre_padding  mc_w.l(printfa.o)
    0x0800652a   0x0800652a   0x0000000a   Code   RO         4804    i._sputc            mc_w.l(printfa.o)
    0x08006534   0x08006534   0x00000016   Code   RO           18    i.empty_buffer      main.o
    0x0800654a   0x0800654a   0x00000002   PAD
    0x0800654c   0x0800654c   0x0000051c   Code   RO           19    i.execution         main.o
    0x08006a68   0x08006a68   0x00000018   Code   RO          520    i.fputc             usart.o
    0x08006a80   0x08006a80   0x00000020   Code   RO          521    i.init_UART3        usart.o
    0x08006aa0   0x08006aa0   0x000004a4   Code   RO           20    i.main              main.o
    0x08006f44   0x08006f44   0x0000006c   Code   RO         4821    i.malloc            mc_w.l(malloc.o)
    0x08006fb0   0x08006fb0   0x00000054   Code   RO          522    i.newMessage        usart.o
    0x08007004   0x08007004   0x000006b0   Code   RO           21    i.parsing           main.o
    0x080076b4   0x080076b4   0x00000190   Code   RO          523    i.print_commands    usart.o
    0x08007844   0x08007844   0x00000114   Code   RO          524    i.print_error       usart.o
    0x08007958   0x08007958   0x00000040   Code   RO          525    i.print_message     usart.o
    0x08007998   0x08007998   0x00000040   Code   RO           22    i.push_FIFO         main.o
    0x080079d8   0x080079d8   0x0000003a   Code   RO           23    i.verify_instruction  main.o
    0x08007a12   0x08007a12   0x00000008   Data   RO         1494    .constdata          stm32f7xx_hal_dma.o
    0x08007a1a   0x08007a1a   0x00000018   Data   RO         4508    .constdata          system_stm32f7xx.o
    0x08007a32   0x08007a32   0x00000040   Data   RO         4911    .constdata          mc_w.l(ctype_c.o)
    0x08007a72   0x08007a72   0x00000002   PAD
    0x08007a74   0x08007a74   0x000003c8   Data   RO          527    .conststring        usart.o
    0x08007e3c   0x08007e3c   0x00000020   Data   RO         4913    Region$$Table       anon$$obj.o


    Execution Region RW_IRAM1 (Exec base: 0x20000000, Load base: 0x08007e5c, Size: 0x00001bf8, Max: 0x00080000, ABSOLUTE)

    Exec Addr    Load Addr    Size         Type   Attr      Idx    E Section Name        Object

    0x20000000   0x08007e5c   0x00000008   Data   RW           25    .data               main.o
    0x20000008   0x08007e64   0x00000008   Data   RW          285    .data               adc.o
    0x20000010   0x08007e6c   0x0000008c   Data   RW          412    .data               tim.o
    0x2000009c   0x08007ef8   0x00000014   Data   RW          528    .data               usart.o
    0x200000b0   0x08007f0c   0x00000009   Data   RW         2013    .data               stm32f7xx_hal.o
    0x200000b9   0x08007f15   0x00000003   PAD
    0x200000bc   0x08007f18   0x00000004   Data   RW         4509    .data               system_stm32f7xx.o
    0x200000c0   0x08007f1c   0x00000004   Data   RW         4554    .data               mc_w.l(strtok.o)
    0x200000c4   0x08007f20   0x00000004   Data   RW         4870    .data               mc_w.l(stdout.o)
    0x200000c8   0x08007f24   0x00000004   Data   RW         4881    .data               mc_w.l(mvars.o)
    0x200000cc   0x08007f28   0x00000004   Data   RW         4882    .data               mc_w.l(mvars.o)
    0x200000d0        -       0x0000100a   Zero   RW           24    .bss                main.o
    0x200010da   0x08007f2c   0x00000002   PAD
    0x200010dc        -       0x00000048   Zero   RW          284    .bss                adc.o
    0x20001124        -       0x00000074   Zero   RW          333    .bss                dac.o
    0x20001198        -       0x000001dc   Zero   RW          411    .bss                tim.o
    0x20001374        -       0x00000284   Zero   RW          526    .bss                usart.o
    0x200015f8        -       0x00000200   Zero   RW            2    HEAP                startup_stm32f767xx.o
    0x200017f8        -       0x00000400   Zero   RW            1    STACK               startup_stm32f767xx.o


==============================================================================

Image component sizes


      Code (inc. data)   RO Data    RW Data    ZI Data      Debug   Object Name

       414         48          0          8         72       3290   adc.o
       268         28          0          0        116       1869   dac.o
        52          4          0          0          0        818   dma.o
       308         22          0          0          0       1119   gpio.o
      4618        528          0          8       4106     906235   main.o
        36          8        504          0       1536        864   startup_stm32f767xx.o
       174         30          0          9          0       9409   stm32f7xx_hal.o
      1344         60          0          0          0       5001   stm32f7xx_hal_adc.o
       304         22          0          0          0      39619   stm32f7xx_hal_cortex.o
       278          0          0          0          0       3333   stm32f7xx_hal_dac.o
         2          0          0          0          0       1031   stm32f7xx_hal_dac_ex.o
      1244         16          8          0          0       5579   stm32f7xx_hal_dma.o
       584         52          0          0          0       3884   stm32f7xx_hal_gpio.o
        64          4          0          0          0        906   stm32f7xx_hal_msp.o
       144          8          0          0          0       1328   stm32f7xx_hal_pwr_ex.o
      1952         70          0          0          0       5796   stm32f7xx_hal_rcc.o
      1884         16          0          0          0       2292   stm32f7xx_hal_rcc_ex.o
      4174        258          0          0          0      24900   stm32f7xx_hal_tim.o
       210         30          0          0          0       3248   stm32f7xx_hal_tim_ex.o
      3324         90          0          0          0      16634   stm32f7xx_hal_uart.o
       154         44          0          0          0       8179   stm32f7xx_it.o
        20          6         24          4          0       1211   system_stm32f7xx.o
      2300        250          0        140        476      10256   tim.o
      1324        522        968         20        644       6924   usart.o

    ----------------------------------------------------------------------
     25206       2116       1536        192       6952    1063725   Object Totals
         0          0         32          0          0          0   (incl. Generated)
        30          0          0          3          2          0   (incl. Padding)

    ----------------------------------------------------------------------

      Code (inc. data)   RO Data    RW Data    ZI Data      Debug   Library Member Name

        56          8          0          0          0         84   __0sscanf.o
        28          0          0          0          0         68   _chval.o
       816          6          0          0          0        112   _scanf.o
       332          0          0          0          0         96   _scanf_int.o
       224          0          0          0          0         96   _scanf_str.o
        64          0          0          0          0         84   _sgetc.o
        40          6         64          0          0         68   ctype_c.o
         0          0          0          0          0          0   entry.o
         0          0          0          0          0          0   entry10a.o
         0          0          0          0          0          0   entry11a.o
         4          0          0          0          0          0   entry12b.o
         8          4          0          0          0          0   entry2.o
         4          0          0          0          0          0   entry5.o
         0          0          0          0          0          0   entry7b.o
         0          0          0          0          0          0   entry8b.o
         8          4          0          0          0          0   entry9a.o
        30          0          0          0          0          0   handlers.o
        36          8          0          0          0         68   init.o
        10          0          0          0          0         68   isspace_c.o
         0          0          0          0          0          0   iusefp.o
        30          0          0          0          0         68   llshl.o
        36          0          0          0          0         68   llsshr.o
        32          0          0          0          0         68   llushr.o
       108         16          0          0          0         84   malloc.o
        36          0          0          0          0        108   memseta.o
         0          0          0          8          0          0   mvars.o
      2268         96          0          0          0        616   printfa.o
        40          8          0          0          0         84   scanf_char.o
         0          0          0          4          0          0   stdout.o
        18          0          0          0          0         68   strcpy.o
        14          0          0          0          0         68   strlen.o
        68          6          0          4          0         80   strtok.o
        12          0          0          0          0         68   toupper.o
        44          0          0          0          0         80   uidiv.o
        98          0          0          0          0         92   uldiv.o
        48          0          0          0          0         68   cdrcmple.o
       334          0          0          0          0        148   dadd.o
       222          0          0          0          0        100   ddiv.o
       186          0          0          0          0        176   depilogue.o
        48          0          0          0          0         68   dfixul.o
       228          0          0          0          0         96   dmul.o

    ----------------------------------------------------------------------
      5540        162         66         16          0       2952   Library Totals
        10          0          2          0          0          0   (incl. Padding)

    ----------------------------------------------------------------------

      Code (inc. data)   RO Data    RW Data    ZI Data      Debug   Library Name

      4464        162         64         16          0       2296   mc_w.l
      1066          0          0          0          0        656   mf_w.l

    ----------------------------------------------------------------------
      5540        162         66         16          0       2952   Library Totals

    ----------------------------------------------------------------------

==============================================================================


      Code (inc. data)   RO Data    RW Data    ZI Data      Debug   

     30746       2278       1602        208       6952    1050921   Grand Totals
     30746       2278       1602        208       6952    1050921   ELF Image Totals
     30746       2278       1602        208          0          0   ROM Totals

==============================================================================

    Total RO  Size (Code + RO Data)                32348 (  31.59kB)
    Total RW  Size (RW Data + ZI Data)              7160 (   6.99kB)
    Total ROM Size (Code + RO Data + RW Data)      32556 (  31.79kB)

==============================================================================

